
> backend@1.0.0 start:dev
> ts-node-dev --respawn --transpile-only src/main.ts

[INFO] 16:34:29 ts-node-dev ver. 2.0.0 (using ts-node ver. 10.9.2, typescript ver. 6.0.2)
[32m[Nest] 5852  - [39m13/06/2026, 4:34:37 p. m. [32m    LOG[39m [38;5;3m[NestFactory] [39m[32mStarting Nest application...[39m
[32m[Nest] 5852  - [39m13/06/2026, 4:34:37 p. m. [32m    LOG[39m [38;5;3m[InstanceLoader] [39m[32mAppModule dependencies initialized[39m[38;5;3m +72ms[39m
[32m[Nest] 5852  - [39m13/06/2026, 4:34:37 p. m. [32m    LOG[39m [38;5;3m[InstanceLoader] [39m[32mTypeOrmModule dependencies initialized[39m[38;5;3m +1ms[39m
[32m[Nest] 5852  - [39m13/06/2026, 4:34:37 p. m. [32m    LOG[39m [38;5;3m[InstanceLoader] [39m[32mGestionSaludModule dependencies initialized[39m[38;5;3m +0ms[39m
[32m[Nest] 5852  - [39m13/06/2026, 4:34:37 p. m. [32m    LOG[39m [38;5;3m[InstanceLoader] [39m[32mPassportModule dependencies initialized[39m[38;5;3m +1ms[39m
[32m[Nest] 5852  - [39m13/06/2026, 4:34:37 p. m. [32m    LOG[39m [38;5;3m[InstanceLoader] [39m[32mConfigHostModule dependencies initialized[39m[38;5;3m +1ms[39m
[db-config] host=linuxkennet.database.windows.net auth=sql encrypt=true trustServerCertificate=false
[33m[Nest] 5852  - [39m13/06/2026, 4:34:37 p. m. [33m   WARN[39m [38;5;3m[MailService] [39m[33mcorreo smtp no configurado (variables MAIL_* faltantes)[39m
[32m[Nest] 5852  - [39m13/06/2026, 4:34:37 p. m. [32m    LOG[39m [38;5;3m[InstanceLoader] [39m[32mVersionModule dependencies initialized[39m[38;5;3m +0ms[39m
[32m[Nest] 5852  - [39m13/06/2026, 4:34:37 p. m. [32m    LOG[39m [38;5;3m[InstanceLoader] [39m[32mConfigModule dependencies initialized[39m[38;5;3m +1ms[39m
[32m[Nest] 5852  - [39m13/06/2026, 4:34:37 p. m. [32m    LOG[39m [38;5;3m[InstanceLoader] [39m[32mConfigModule dependencies initialized[39m[38;5;3m +0ms[39m
[32m[Nest] 5852  - [39m13/06/2026, 4:34:38 p. m. [32m    LOG[39m [38;5;3m[InstanceLoader] [39m[32mMailModule dependencies initialized[39m[38;5;3m +486ms[39m
[32m[Nest] 5852  - [39m13/06/2026, 4:34:38 p. m. [32m    LOG[39m [38;5;3m[InstanceLoader] [39m[32mJwtModule dependencies initialized[39m[38;5;3m +1ms[39m
[32m[Nest] 5852  - [39m13/06/2026, 4:34:41 p. m. [32m    LOG[39m [38;5;3m[InstanceLoader] [39m[32mTypeOrmCoreModule dependencies initialized[39m[38;5;3m +3658ms[39m
[32m[Nest] 5852  - [39m13/06/2026, 4:34:41 p. m. [32m    LOG[39m [38;5;3m[InstanceLoader] [39m[32mTypeOrmModule dependencies initialized[39m[38;5;3m +1ms[39m
[32m[Nest] 5852  - [39m13/06/2026, 4:34:41 p. m. [32m    LOG[39m [38;5;3m[InstanceLoader] [39m[32mTypeOrmModule dependencies initialized[39m[38;5;3m +0ms[39m
[32m[Nest] 5852  - [39m13/06/2026, 4:34:41 p. m. [32m    LOG[39m [38;5;3m[InstanceLoader] [39m[32mTypeOrmModule dependencies initialized[39m[38;5;3m +0ms[39m
[32m[Nest] 5852  - [39m13/06/2026, 4:34:41 p. m. [32m    LOG[39m [38;5;3m[InstanceLoader] [39m[32mTypeOrmModule dependencies initialized[39m[38;5;3m +1ms[39m
[32m[Nest] 5852  - [39m13/06/2026, 4:34:41 p. m. [32m    LOG[39m [38;5;3m[InstanceLoader] [39m[32mTypeOrmModule dependencies initialized[39m[38;5;3m +0ms[39m
[32m[Nest] 5852  - [39m13/06/2026, 4:34:41 p. m. [32m    LOG[39m [38;5;3m[InstanceLoader] [39m[32mTypeOrmModule dependencies initialized[39m[38;5;3m +1ms[39m
[32m[Nest] 5852  - [39m13/06/2026, 4:34:41 p. m. [32m    LOG[39m [38;5;3m[InstanceLoader] [39m[32mTypeOrmModule dependencies initialized[39m[38;5;3m +0ms[39m
[32m[Nest] 5852  - [39m13/06/2026, 4:34:41 p. m. [32m    LOG[39m [38;5;3m[InstanceLoader] [39m[32mTypeOrmModule dependencies initialized[39m[38;5;3m +1ms[39m
[32m[Nest] 5852  - [39m13/06/2026, 4:34:41 p. m. [32m    LOG[39m [38;5;3m[InstanceLoader] [39m[32mTypeOrmModule dependencies initialized[39m[38;5;3m +0ms[39m
[32m[Nest] 5852  - [39m13/06/2026, 4:34:41 p. m. [32m    LOG[39m [38;5;3m[InstanceLoader] [39m[32mTypeOrmModule dependencies initialized[39m[38;5;3m +0ms[39m
[32m[Nest] 5852  - [39m13/06/2026, 4:34:41 p. m. [32m    LOG[39m [38;5;3m[InstanceLoader] [39m[32mTypeOrmModule dependencies initialized[39m[38;5;3m +1ms[39m
[32m[Nest] 5852  - [39m13/06/2026, 4:34:41 p. m. [32m    LOG[39m [38;5;3m[InstanceLoader] [39m[32mTypeOrmModule dependencies initialized[39m[38;5;3m +1ms[39m
[32m[Nest] 5852  - [39m13/06/2026, 4:34:41 p. m. [32m    LOG[39m [38;5;3m[InstanceLoader] [39m[32mTypeOrmModule dependencies initialized[39m[38;5;3m +0ms[39m
[32m[Nest] 5852  - [39m13/06/2026, 4:34:41 p. m. [32m    LOG[39m [38;5;3m[InstanceLoader] [39m[32mTypeOrmModule dependencies initialized[39m[38;5;3m +0ms[39m
[32m[Nest] 5852  - [39m13/06/2026, 4:34:41 p. m. [32m    LOG[39m [38;5;3m[InstanceLoader] [39m[32mTypeOrmModule dependencies initialized[39m[38;5;3m +1ms[39m
[32m[Nest] 5852  - [39m13/06/2026, 4:34:41 p. m. [32m    LOG[39m [38;5;3m[InstanceLoader] [39m[32mTypeOrmModule dependencies initialized[39m[38;5;3m +0ms[39m
[32m[Nest] 5852  - [39m13/06/2026, 4:34:41 p. m. [32m    LOG[39m [38;5;3m[InstanceLoader] [39m[32mTypeOrmModule dependencies initialized[39m[38;5;3m +1ms[39m
[32m[Nest] 5852  - [39m13/06/2026, 4:34:41 p. m. [32m    LOG[39m [38;5;3m[InstanceLoader] [39m[32mTypeOrmModule dependencies initialized[39m[38;5;3m +0ms[39m
[32m[Nest] 5852  - [39m13/06/2026, 4:34:41 p. m. [32m    LOG[39m [38;5;3m[InstanceLoader] [39m[32mTypeOrmModule dependencies initialized[39m[38;5;3m +1ms[39m
[32m[Nest] 5852  - [39m13/06/2026, 4:34:41 p. m. [32m    LOG[39m [38;5;3m[InstanceLoader] [39m[32mTypeOrmModule dependencies initialized[39m[38;5;3m +0ms[39m
[32m[Nest] 5852  - [39m13/06/2026, 4:34:41 p. m. [32m    LOG[39m [38;5;3m[InstanceLoader] [39m[32mTypeOrmModule dependencies initialized[39m[38;5;3m +1ms[39m
[32m[Nest] 5852  - [39m13/06/2026, 4:34:41 p. m. [32m    LOG[39m [38;5;3m[InstanceLoader] [39m[32mTypeOrmModule dependencies initialized[39m[38;5;3m +0ms[39m
[32m[Nest] 5852  - [39m13/06/2026, 4:34:41 p. m. [32m    LOG[39m [38;5;3m[InstanceLoader] [39m[32mTypeOrmModule dependencies initialized[39m[38;5;3m +1ms[39m
[32m[Nest] 5852  - [39m13/06/2026, 4:34:41 p. m. [32m    LOG[39m [38;5;3m[InstanceLoader] [39m[32mTypeOrmModule dependencies initialized[39m[38;5;3m +1ms[39m
[32m[Nest] 5852  - [39m13/06/2026, 4:34:41 p. m. [32m    LOG[39m [38;5;3m[InstanceLoader] [39m[32mTypeOrmModule dependencies initialized[39m[38;5;3m +0ms[39m
[32m[Nest] 5852  - [39m13/06/2026, 4:34:41 p. m. [32m    LOG[39m [38;5;3m[InstanceLoader] [39m[32mTypeOrmModule dependencies initialized[39m[38;5;3m +0ms[39m
[32m[Nest] 5852  - [39m13/06/2026, 4:34:41 p. m. [32m    LOG[39m [38;5;3m[InstanceLoader] [39m[32mTypeOrmModule dependencies initialized[39m[38;5;3m +0ms[39m
[32m[Nest] 5852  - [39m13/06/2026, 4:34:41 p. m. [32m    LOG[39m [38;5;3m[InstanceLoader] [39m[32mTypeOrmModule dependencies initialized[39m[38;5;3m +0ms[39m
[32m[Nest] 5852  - [39m13/06/2026, 4:34:41 p. m. [32m    LOG[39m [38;5;3m[InstanceLoader] [39m[32mTypeOrmModule dependencies initialized[39m[38;5;3m +1ms[39m
[32m[Nest] 5852  - [39m13/06/2026, 4:34:41 p. m. [32m    LOG[39m [38;5;3m[InstanceLoader] [39m[32mTypeOrmModule dependencies initialized[39m[38;5;3m +0ms[39m
[32m[Nest] 5852  - [39m13/06/2026, 4:34:41 p. m. [32m    LOG[39m [38;5;3m[InstanceLoader] [39m[32mTypeOrmModule dependencies initialized[39m[38;5;3m +0ms[39m
[32m[Nest] 5852  - [39m13/06/2026, 4:34:41 p. m. [32m    LOG[39m [38;5;3m[InstanceLoader] [39m[32mTypeOrmModule dependencies initialized[39m[38;5;3m +1ms[39m
[32m[Nest] 5852  - [39m13/06/2026, 4:34:41 p. m. [32m    LOG[39m [38;5;3m[InstanceLoader] [39m[32mTypeOrmModule dependencies initialized[39m[38;5;3m +0ms[39m
[32m[Nest] 5852  - [39m13/06/2026, 4:34:41 p. m. [32m    LOG[39m [38;5;3m[InstanceLoader] [39m[32mTypeOrmModule dependencies initialized[39m[38;5;3m +1ms[39m
[32m[Nest] 5852  - [39m13/06/2026, 4:34:41 p. m. [32m    LOG[39m [38;5;3m[InstanceLoader] [39m[32mTypeOrmModule dependencies initialized[39m[38;5;3m +0ms[39m
[32m[Nest] 5852  - [39m13/06/2026, 4:34:41 p. m. [32m    LOG[39m [38;5;3m[InstanceLoader] [39m[32mTypeOrmModule dependencies initialized[39m[38;5;3m +1ms[39m
[32m[Nest] 5852  - [39m13/06/2026, 4:34:41 p. m. [32m    LOG[39m [38;5;3m[InstanceLoader] [39m[32mTypeOrmModule dependencies initialized[39m[38;5;3m +0ms[39m
[32m[Nest] 5852  - [39m13/06/2026, 4:34:41 p. m. [32m    LOG[39m [38;5;3m[InstanceLoader] [39m[32mTypeOrmModule dependencies initialized[39m[38;5;3m +0ms[39m
[32m[Nest] 5852  - [39m13/06/2026, 4:34:41 p. m. [32m    LOG[39m [38;5;3m[InstanceLoader] [39m[32mTypeOrmModule dependencies initialized[39m[38;5;3m +0ms[39m
[32m[Nest] 5852  - [39m13/06/2026, 4:34:41 p. m. [32m    LOG[39m [38;5;3m[InstanceLoader] [39m[32mTypeOrmModule dependencies initialized[39m[38;5;3m +1ms[39m
[32m[Nest] 5852  - [39m13/06/2026, 4:34:41 p. m. [32m    LOG[39m [38;5;3m[InstanceLoader] [39m[32mTypeOrmModule dependencies initialized[39m[38;5;3m +0ms[39m
[32m[Nest] 5852  - [39m13/06/2026, 4:34:41 p. m. [32m    LOG[39m [38;5;3m[InstanceLoader] [39m[32mTypeOrmModule dependencies initialized[39m[38;5;3m +0ms[39m
[32m[Nest] 5852  - [39m13/06/2026, 4:34:41 p. m. [32m    LOG[39m [38;5;3m[InstanceLoader] [39m[32mTypeOrmModule dependencies initialized[39m[38;5;3m +0ms[39m
[32m[Nest] 5852  - [39m13/06/2026, 4:34:41 p. m. [32m    LOG[39m [38;5;3m[InstanceLoader] [39m[32mTypeOrmModule dependencies initialized[39m[38;5;3m +1ms[39m
[32m[Nest] 5852  - [39m13/06/2026, 4:34:41 p. m. [32m    LOG[39m [38;5;3m[InstanceLoader] [39m[32mTypeOrmModule dependencies initialized[39m[38;5;3m +0ms[39m
[32m[Nest] 5852  - [39m13/06/2026, 4:34:41 p. m. [32m    LOG[39m [38;5;3m[InstanceLoader] [39m[32mTypeOrmModule dependencies initialized[39m[38;5;3m +0ms[39m
[32m[Nest] 5852  - [39m13/06/2026, 4:34:41 p. m. [32m    LOG[39m [38;5;3m[InstanceLoader] [39m[32mTypeOrmModule dependencies initialized[39m[38;5;3m +0ms[39m
[32m[Nest] 5852  - [39m13/06/2026, 4:34:41 p. m. [32m    LOG[39m [38;5;3m[InstanceLoader] [39m[32mTypeOrmModule dependencies initialized[39m[38;5;3m +1ms[39m
[32m[Nest] 5852  - [39m13/06/2026, 4:34:41 p. m. [32m    LOG[39m [38;5;3m[InstanceLoader] [39m[32mTypeOrmModule dependencies initialized[39m[38;5;3m +0ms[39m
[32m[Nest] 5852  - [39m13/06/2026, 4:34:41 p. m. [32m    LOG[39m [38;5;3m[InstanceLoader] [39m[32mTypeOrmModule dependencies initialized[39m[38;5;3m +0ms[39m
[32m[Nest] 5852  - [39m13/06/2026, 4:34:41 p. m. [32m    LOG[39m [38;5;3m[InstanceLoader] [39m[32mTypeOrmModule dependencies initialized[39m[38;5;3m +0ms[39m
[32m[Nest] 5852  - [39m13/06/2026, 4:34:41 p. m. [32m    LOG[39m [38;5;3m[InstanceLoader] [39m[32mTypeOrmModule dependencies initialized[39m[38;5;3m +0ms[39m
[32m[Nest] 5852  - [39m13/06/2026, 4:34:41 p. m. [32m    LOG[39m [38;5;3m[InstanceLoader] [39m[32mTypeOrmModule dependencies initialized[39m[38;5;3m +1ms[39m
[32m[Nest] 5852  - [39m13/06/2026, 4:34:41 p. m. [32m    LOG[39m [38;5;3m[InstanceLoader] [39m[32mTypeOrmModule dependencies initialized[39m[38;5;3m +0ms[39m
[32m[Nest] 5852  - [39m13/06/2026, 4:34:41 p. m. [32m    LOG[39m [38;5;3m[InstanceLoader] [39m[32mTypeOrmModule dependencies initialized[39m[38;5;3m +0ms[39m
[32m[Nest] 5852  - [39m13/06/2026, 4:34:41 p. m. [32m    LOG[39m [38;5;3m[InstanceLoader] [39m[32mTypeOrmModule dependencies initialized[39m[38;5;3m +0ms[39m
[32m[Nest] 5852  - [39m13/06/2026, 4:34:41 p. m. [32m    LOG[39m [38;5;3m[InstanceLoader] [39m[32mTypeOrmModule dependencies initialized[39m[38;5;3m +0ms[39m
[32m[Nest] 5852  - [39m13/06/2026, 4:34:41 p. m. [32m    LOG[39m [38;5;3m[InstanceLoader] [39m[32mDatabaseModule dependencies initialized[39m[38;5;3m +5ms[39m
[32m[Nest] 5852  - [39m13/06/2026, 4:34:41 p. m. [32m    LOG[39m [38;5;3m[InstanceLoader] [39m[32mUsuarioModule dependencies initialized[39m[38;5;3m +4ms[39m
[32m[Nest] 5852  - [39m13/06/2026, 4:34:41 p. m. [32m    LOG[39m [38;5;3m[InstanceLoader] [39m[32mRolModule dependencies initialized[39m[38;5;3m +1ms[39m
[32m[Nest] 5852  - [39m13/06/2026, 4:34:41 p. m. [32m    LOG[39m [38;5;3m[InstanceLoader] [39m[32mPermisoModule dependencies initialized[39m[38;5;3m +0ms[39m
[32m[Nest] 5852  - [39m13/06/2026, 4:34:41 p. m. [32m    LOG[39m [38;5;3m[InstanceLoader] [39m[32mRolpermisoModule dependencies initialized[39m[38;5;3m +1ms[39m
[32m[Nest] 5852  - [39m13/06/2026, 4:34:41 p. m. [32m    LOG[39m [38;5;3m[InstanceLoader] [39m[32mUsuariorolModule dependencies initialized[39m[38;5;3m +0ms[39m
[32m[Nest] 5852  - [39m13/06/2026, 4:34:41 p. m. [32m    LOG[39m [38;5;3m[InstanceLoader] [39m[32mEspecialidadModule dependencies initialized[39m[38;5;3m +1ms[39m
[32m[Nest] 5852  - [39m13/06/2026, 4:34:41 p. m. [32m    LOG[39m [38;5;3m[InstanceLoader] [39m[32mTipovacunaModule dependencies initialized[39m[38;5;3m +0ms[39m
[32m[Nest] 5852  - [39m13/06/2026, 4:34:41 p. m. [32m    LOG[39m [38;5;3m[InstanceLoader] [39m[32mTipolesionModule dependencies initialized[39m[38;5;3m +0ms[39m
[32m[Nest] 5852  - [39m13/06/2026, 4:34:41 p. m. [32m    LOG[39m [38;5;3m[InstanceLoader] [39m[32mTipooperacionModule dependencies initialized[39m[38;5;3m +1ms[39m
[32m[Nest] 5852  - [39m13/06/2026, 4:34:41 p. m. [32m    LOG[39m [38;5;3m[InstanceLoader] [39m[32mTipodocumentoclinicoModule dependencies initialized[39m[38;5;3m +0ms[39m
[32m[Nest] 5852  - [39m13/06/2026, 4:34:41 p. m. [32m    LOG[39m [38;5;3m[InstanceLoader] [39m[32mTipocondicioncronicaModule dependencies initialized[39m[38;5;3m +0ms[39m
[32m[Nest] 5852  - [39m13/06/2026, 4:34:41 p. m. [32m    LOG[39m [38;5;3m[InstanceLoader] [39m[32mTipohabitoModule dependencies initialized[39m[38;5;3m +1ms[39m
[32m[Nest] 5852  - [39m13/06/2026, 4:34:41 p. m. [32m    LOG[39m [38;5;3m[InstanceLoader] [39m[32mLesionModule dependencies initialized[39m[38;5;3m +0ms[39m
[32m[Nest] 5852  - [39m13/06/2026, 4:34:41 p. m. [32m    LOG[39m [38;5;3m[InstanceLoader] [39m[32mEstilovidaModule dependencies initialized[39m[38;5;3m +1ms[39m
[32m[Nest] 5852  - [39m13/06/2026, 4:34:41 p. m. [32m    LOG[39m [38;5;3m[InstanceLoader] [39m[32mVacunaModule dependencies initialized[39m[38;5;3m +0ms[39m
[32m[Nest] 5852  - [39m13/06/2026, 4:34:41 p. m. [32m    LOG[39m [38;5;3m[InstanceLoader] [39m[32mCitamedicaModule dependencies initialized[39m[38;5;3m +1ms[39m
[32m[Nest] 5852  - [39m13/06/2026, 4:34:41 p. m. [32m    LOG[39m [38;5;3m[InstanceLoader] [39m[32mRegistrodentalModule dependencies initialized[39m[38;5;3m +0ms[39m
[32m[Nest] 5852  - [39m13/06/2026, 4:34:41 p. m. [32m    LOG[39m [38;5;3m[InstanceLoader] [39m[32mOperacionModule dependencies initialized[39m[38;5;3m +0ms[39m
[32m[Nest] 5852  - [39m13/06/2026, 4:34:41 p. m. [32m    LOG[39m [38;5;3m[InstanceLoader] [39m[32mDesparasitacionModule dependencies initialized[39m[38;5;3m +1ms[39m
[32m[Nest] 5852  - [39m13/06/2026, 4:34:41 p. m. [32m    LOG[39m [38;5;3m[InstanceLoader] [39m[32mRegistromensualModule dependencies initialized[39m[38;5;3m +0ms[39m
[32m[Nest] 5852  - [39m13/06/2026, 4:34:41 p. m. [32m    LOG[39m [38;5;3m[InstanceLoader] [39m[32mEmbarazoModule dependencies initialized[39m[38;5;3m +1ms[39m
[32m[Nest] 5852  - [39m13/06/2026, 4:34:41 p. m. [32m    LOG[39m [38;5;3m[InstanceLoader] [39m[32mControlprenatalModule dependencies initialized[39m[38;5;3m +0ms[39m
[32m[Nest] 5852  - [39m13/06/2026, 4:34:41 p. m. [32m    LOG[39m [38;5;3m[InstanceLoader] [39m[32mDocumentoclinicoModule dependencies initialized[39m[38;5;3m +0ms[39m
[32m[Nest] 5852  - [39m13/06/2026, 4:34:41 p. m. [32m    LOG[39m [38;5;3m[InstanceLoader] [39m[32mNotificacionModule dependencies initialized[39m[38;5;3m +1ms[39m
[32m[Nest] 5852  - [39m13/06/2026, 4:34:41 p. m. [32m    LOG[39m [38;5;3m[InstanceLoader] [39m[32mRecordatoriocitaModule dependencies initialized[39m[38;5;3m +0ms[39m
[32m[Nest] 5852  - [39m13/06/2026, 4:34:41 p. m. [32m    LOG[39m [38;5;3m[InstanceLoader] [39m[32mMedicacionModule dependencies initialized[39m[38;5;3m +0ms[39m
[32m[Nest] 5852  - [39m13/06/2026, 4:34:41 p. m. [32m    LOG[39m [38;5;3m[InstanceLoader] [39m[32mHorariomedicamentoModule dependencies initialized[39m[38;5;3m +1ms[39m
[32m[Nest] 5852  - [39m13/06/2026, 4:34:41 p. m. [32m    LOG[39m [38;5;3m[InstanceLoader] [39m[32mAlergiaModule dependencies initialized[39m[38;5;3m +0ms[39m
[32m[Nest] 5852  - [39m13/06/2026, 4:34:41 p. m. [32m    LOG[39m [38;5;3m[InstanceLoader] [39m[32mAntecedentefamiliarModule dependencies initialized[39m[38;5;3m +0ms[39m
[32m[Nest] 5852  - [39m13/06/2026, 4:34:41 p. m. [32m    LOG[39m [38;5;3m[InstanceLoader] [39m[32mHabitoespecificoModule dependencies initialized[39m[38;5;3m +0ms[39m
[32m[Nest] 5852  - [39m13/06/2026, 4:34:41 p. m. [32m    LOG[39m [38;5;3m[InstanceLoader] [39m[32mPuntajeriesgoModule dependencies initialized[39m[38;5;3m +1ms[39m
[32m[Nest] 5852  - [39m13/06/2026, 4:34:41 p. m. [32m    LOG[39m [38;5;3m[InstanceLoader] [39m[32mCondicioncronicaModule dependencies initialized[39m[38;5;3m +0ms[39m
[32m[Nest] 5852  - [39m13/06/2026, 4:34:41 p. m. [32m    LOG[39m [38;5;3m[InstanceLoader] [39m[32mObjetivocronicoModule dependencies initialized[39m[38;5;3m +0ms[39m
[32m[Nest] 5852  - [39m13/06/2026, 4:34:41 p. m. [32m    LOG[39m [38;5;3m[InstanceLoader] [39m[32mControlcronicoModule dependencies initialized[39m[38;5;3m +0ms[39m
[32m[Nest] 5852  - [39m13/06/2026, 4:34:41 p. m. [32m    LOG[39m [38;5;3m[InstanceLoader] [39m[32mAdherenciacronicaModule dependencies initialized[39m[38;5;3m +1ms[39m
[32m[Nest] 5852  - [39m13/06/2026, 4:34:41 p. m. [32m    LOG[39m [38;5;3m[InstanceLoader] [39m[32mEvaluacionsaludhabitoModule dependencies initialized[39m[38;5;3m +0ms[39m
[32m[Nest] 5852  - [39m13/06/2026, 4:34:41 p. m. [32m    LOG[39m [38;5;3m[InstanceLoader] [39m[32mDetalleevaluacionsaludModule dependencies initialized[39m[38;5;3m +0ms[39m
[32m[Nest] 5852  - [39m13/06/2026, 4:34:41 p. m. [32m    LOG[39m [38;5;3m[InstanceLoader] [39m[32mPacienteModule dependencies initialized[39m[38;5;3m +1ms[39m
[32m[Nest] 5852  - [39m13/06/2026, 4:34:41 p. m. [32m    LOG[39m [38;5;3m[InstanceLoader] [39m[32mConsultamedicaModule dependencies initialized[39m[38;5;3m +1ms[39m
[32m[Nest] 5852  - [39m13/06/2026, 4:34:41 p. m. [32m    LOG[39m [38;5;3m[InstanceLoader] [39m[32mAuthModule dependencies initialized[39m[38;5;3m +1ms[39m
[32m[Nest] 5852  - [39m13/06/2026, 4:34:41 p. m. [32m    LOG[39m [38;5;3m[InstanceLoader] [39m[32mNotificationsModule dependencies initialized[39m[38;5;3m +0ms[39m
[32m[Nest] 5852  - [39m13/06/2026, 4:34:41 p. m. [32m    LOG[39m [38;5;3m[InstanceLoader] [39m[32mPeriodoModule dependencies initialized[39m[38;5;3m +0ms[39m
[32m[Nest] 5852  - [39m13/06/2026, 4:34:41 p. m. [32m    LOG[39m [38;5;3m[InstanceLoader] [39m[32mSeguimientofisicoModule dependencies initialized[39m[38;5;3m +1ms[39m
[32m[Nest] 5852  - [39m13/06/2026, 4:34:41 p. m. [32m    LOG[39m [38;5;3m[InstanceLoader] [39m[32mSeguimientoposteventoModule dependencies initialized[39m[38;5;3m +0ms[39m
[32m[Nest] 5852  - [39m13/06/2026, 4:34:41 p. m. [32m    LOG[39m [38;5;3m[InstanceLoader] [39m[32mExamenclinicoModule dependencies initialized[39m[38;5;3m +0ms[39m
[32m[Nest] 5852  - [39m13/06/2026, 4:34:41 p. m. [32m    LOG[39m [38;5;3m[InstanceLoader] [39m[32mUsuarioPacienteModule dependencies initialized[39m[38;5;3m +0ms[39m
[32m[Nest] 5852  - [39m13/06/2026, 4:34:41 p. m. [32m    LOG[39m [38;5;3m[InstanceLoader] [39m[32mMedicoregistroModule dependencies initialized[39m[38;5;3m +1ms[39m
[32m[Nest] 5852  - [39m13/06/2026, 4:34:41 p. m. [32m    LOG[39m [38;5;3m[InstanceLoader] [39m[32mInstitucionsaludModule dependencies initialized[39m[38;5;3m +0ms[39m
[32m[Nest] 5852  - [39m13/06/2026, 4:34:41 p. m. [32m    LOG[39m [38;5;3m[InstanceLoader] [39m[32mCatalogoservicioModule dependencies initialized[39m[38;5;3m +0ms[39m
[32m[Nest] 5852  - [39m13/06/2026, 4:34:41 p. m. [32m    LOG[39m [38;5;3m[InstanceLoader] [39m[32mMedicamentoraroModule dependencies initialized[39m[38;5;3m +0ms[39m
[32m[Nest] 5852  - [39m13/06/2026, 4:34:41 p. m. [32m    LOG[39m [38;5;3m[InstanceLoader] [39m[32mInstitucionservicioModule dependencies initialized[39m[38;5;3m +1ms[39m
[32m[Nest] 5852  - [39m13/06/2026, 4:34:41 p. m. [32m    LOG[39m [38;5;3m[InstanceLoader] [39m[32mInstitucionmedicamentoModule dependencies initialized[39m[38;5;3m +0ms[39m
[32m[Nest] 5852  - [39m13/06/2026, 4:34:41 p. m. [32m    LOG[39m [38;5;3m[InstanceLoader] [39m[32mInstitucionimagenModule dependencies initialized[39m[38;5;3m +0ms[39m
[32m[Nest] 5852  - [39m13/06/2026, 4:34:41 p. m. [32m    LOG[39m [38;5;3m[InstanceLoader] [39m[32mInstitucionhorarioModule dependencies initialized[39m[38;5;3m +0ms[39m
[32m[Nest] 5852  - [39m13/06/2026, 4:34:41 p. m. [32m    LOG[39m [38;5;3m[InstanceLoader] [39m[32mInstitucionespecialidadModule dependencies initialized[39m[38;5;3m +1ms[39m
[32m[Nest] 5852  - [39m13/06/2026, 4:34:41 p. m. [32m    LOG[39m [38;5;3m[InstanceLoader] [39m[32mUsersModule dependencies initialized[39m[38;5;3m +0ms[39m
[32m[Nest] 5852  - [39m13/06/2026, 4:34:41 p. m. [32m    LOG[39m [38;5;3m[InstanceLoader] [39m[32mSaludmentalModule dependencies initialized[39m[38;5;3m +0ms[39m
[32m[Nest] 5852  - [39m13/06/2026, 4:34:41 p. m. [32m    LOG[39m [38;5;3m[InstanceLoader] [39m[32mPermisoaccesoModule dependencies initialized[39m[38;5;3m +0ms[39m
[32m[Nest] 5852  - [39m13/06/2026, 4:34:42 p. m. [32m    LOG[39m [38;5;3m[RoutesResolver] [39m[32mUsersController {/api/users} (version: 1):[39m[38;5;3m +907ms[39m
[32m[Nest] 5852  - [39m13/06/2026, 4:34:42 p. m. [32m    LOG[39m [38;5;3m[RouterExplorer] [39m[32mMapped {/api/users, POST} (version: 1) route[39m[38;5;3m +5ms[39m
[32m[Nest] 5852  - [39m13/06/2026, 4:34:42 p. m. [32m    LOG[39m [38;5;3m[RouterExplorer] [39m[32mMapped {/api/users/registration-status, GET} (version: 1) route[39m[38;5;3m +1ms[39m
[32m[Nest] 5852  - [39m13/06/2026, 4:34:42 p. m. [32m    LOG[39m [38;5;3m[RouterExplorer] [39m[32mMapped {/api/users/register, POST} (version: 1) route[39m[38;5;3m +0ms[39m
[32m[Nest] 5852  - [39m13/06/2026, 4:34:42 p. m. [32m    LOG[39m [38;5;3m[RouterExplorer] [39m[32mMapped {/api/users, GET} (version: 1) route[39m[38;5;3m +2ms[39m
[32m[Nest] 5852  - [39m13/06/2026, 4:34:42 p. m. [32m    LOG[39m [38;5;3m[RouterExplorer] [39m[32mMapped {/api/users/:id, GET} (version: 1) route[39m[38;5;3m +1ms[39m
[32m[Nest] 5852  - [39m13/06/2026, 4:34:42 p. m. [32m    LOG[39m [38;5;3m[RouterExplorer] [39m[32mMapped {/api/users/:id, PATCH} (version: 1) route[39m[38;5;3m +1ms[39m
[32m[Nest] 5852  - [39m13/06/2026, 4:34:42 p. m. [32m    LOG[39m [38;5;3m[RouterExplorer] [39m[32mMapped {/api/users/:id, DELETE} (version: 1) route[39m[38;5;3m +1ms[39m
[32m[Nest] 5852  - [39m13/06/2026, 4:34:42 p. m. [32m    LOG[39m [38;5;3m[RoutesResolver] [39m[32mDatabaseController {/api/database} (version: 1):[39m[38;5;3m +0ms[39m
[32m[Nest] 5852  - [39m13/06/2026, 4:34:42 p. m. [32m    LOG[39m [38;5;3m[RouterExplorer] [39m[32mMapped {/api/database/tables, GET} (version: 1) route[39m[38;5;3m +1ms[39m
[32m[Nest] 5852  - [39m13/06/2026, 4:34:42 p. m. [32m    LOG[39m [38;5;3m[RouterExplorer] [39m[32mMapped {/api/database/:table, GET} (version: 1) route[39m[38;5;3m +1ms[39m
[32m[Nest] 5852  - [39m13/06/2026, 4:34:42 p. m. [32m    LOG[39m [38;5;3m[RouterExplorer] [39m[32mMapped {/api/database/:table/:id, GET} (version: 1) route[39m[38;5;3m +1ms[39m
[32m[Nest] 5852  - [39m13/06/2026, 4:34:42 p. m. [32m    LOG[39m [38;5;3m[RouterExplorer] [39m[32mMapped {/api/database/:table, POST} (version: 1) route[39m[38;5;3m +0ms[39m
[32m[Nest] 5852  - [39m13/06/2026, 4:34:42 p. m. [32m    LOG[39m [38;5;3m[RouterExplorer] [39m[32mMapped {/api/database/:table/:id, PATCH} (version: 1) route[39m[38;5;3m +1ms[39m
[32m[Nest] 5852  - [39m13/06/2026, 4:34:42 p. m. [32m    LOG[39m [38;5;3m[RouterExplorer] [39m[32mMapped {/api/database/:table/:id, DELETE} (version: 1) route[39m[38;5;3m +1ms[39m
[32m[Nest] 5852  - [39m13/06/2026, 4:34:42 p. m. [32m    LOG[39m [38;5;3m[RoutesResolver] [39m[32mPacienteController {/api/paciente} (version: 1):[39m[38;5;3m +0ms[39m
[32m[Nest] 5852  - [39m13/06/2026, 4:34:42 p. m. [32m    LOG[39m [38;5;3m[RouterExplorer] [39m[32mMapped {/api/paciente, POST} (version: 1) route[39m[38;5;3m +1ms[39m
[32m[Nest] 5852  - [39m13/06/2026, 4:34:42 p. m. [32m    LOG[39m [38;5;3m[RouterExplorer] [39m[32mMapped {/api/paciente, GET} (version: 1) route[39m[38;5;3m +1ms[39m
[32m[Nest] 5852  - [39m13/06/2026, 4:34:42 p. m. [32m    LOG[39m [38;5;3m[RouterExplorer] [39m[32mMapped {/api/paciente/:id/resumen-clinico, GET} (version: 1) route[39m[38;5;3m +0ms[39m
[32m[Nest] 5852  - [39m13/06/2026, 4:34:42 p. m. [32m    LOG[39m [38;5;3m[RouterExplorer] [39m[32mMapped {/api/paciente/:id, GET} (version: 1) route[39m[38;5;3m +1ms[39m
[32m[Nest] 5852  - [39m13/06/2026, 4:34:42 p. m. [32m    LOG[39m [38;5;3m[RouterExplorer] [39m[32mMapped {/api/paciente/:id, PATCH} (version: 1) route[39m[38;5;3m +0ms[39m
[32m[Nest] 5852  - [39m13/06/2026, 4:34:42 p. m. [32m    LOG[39m [38;5;3m[RouterExplorer] [39m[32mMapped {/api/paciente/:id, DELETE} (version: 1) route[39m[38;5;3m +1ms[39m
[32m[Nest] 5852  - [39m13/06/2026, 4:34:42 p. m. [32m    LOG[39m [38;5;3m[RoutesResolver] [39m[32mAuthController {/api/auth} (version: 1):[39m[38;5;3m +0ms[39m
[32m[Nest] 5852  - [39m13/06/2026, 4:34:42 p. m. [32m    LOG[39m [38;5;3m[RouterExplorer] [39m[32mMapped {/api/auth/login, POST} (version: 1) route[39m[38;5;3m +1ms[39m
[32m[Nest] 5852  - [39m13/06/2026, 4:34:42 p. m. [32m    LOG[39m [38;5;3m[RouterExplorer] [39m[32mMapped {/api/auth/forgot-password, POST} (version: 1) route[39m[38;5;3m +1ms[39m
[32m[Nest] 5852  - [39m13/06/2026, 4:34:42 p. m. [32m    LOG[39m [38;5;3m[RouterExplorer] [39m[32mMapped {/api/auth/reset-password, POST} (version: 1) route[39m[38;5;3m +0ms[39m
[32m[Nest] 5852  - [39m13/06/2026, 4:34:42 p. m. [32m    LOG[39m [38;5;3m[RouterExplorer] [39m[32mMapped {/api/auth/logout, POST} (version: 1) route[39m[38;5;3m +1ms[39m
[32m[Nest] 5852  - [39m13/06/2026, 4:34:42 p. m. [32m    LOG[39m [38;5;3m[RoutesResolver] [39m[32mUsuarioController {/api/usuario} (version: 1):[39m[38;5;3m +0ms[39m
[32m[Nest] 5852  - [39m13/06/2026, 4:34:42 p. m. [32m    LOG[39m [38;5;3m[RouterExplorer] [39m[32mMapped {/api/usuario, POST} (version: 1) route[39m[38;5;3m +2ms[39m
[32m[Nest] 5852  - [39m13/06/2026, 4:34:42 p. m. [32m    LOG[39m [38;5;3m[RouterExplorer] [39m[32mMapped {/api/usuario, GET} (version: 1) route[39m[38;5;3m +0ms[39m
[32m[Nest] 5852  - [39m13/06/2026, 4:34:42 p. m. [32m    LOG[39m [38;5;3m[RouterExplorer] [39m[32mMapped {/api/usuario/:id, GET} (version: 1) route[39m[38;5;3m +1ms[39m
[32m[Nest] 5852  - [39m13/06/2026, 4:34:42 p. m. [32m    LOG[39m [38;5;3m[RouterExplorer] [39m[32mMapped {/api/usuario/:id, PATCH} (version: 1) route[39m[38;5;3m +0ms[39m
[32m[Nest] 5852  - [39m13/06/2026, 4:34:42 p. m. [32m    LOG[39m [38;5;3m[RouterExplorer] [39m[32mMapped {/api/usuario/:id, DELETE} (version: 1) route[39m[38;5;3m +1ms[39m
[32m[Nest] 5852  - [39m13/06/2026, 4:34:42 p. m. [32m    LOG[39m [38;5;3m[RoutesResolver] [39m[32mRolController {/api/rol} (version: 1):[39m[38;5;3m +0ms[39m
[32m[Nest] 5852  - [39m13/06/2026, 4:34:42 p. m. [32m    LOG[39m [38;5;3m[RouterExplorer] [39m[32mMapped {/api/rol, POST} (version: 1) route[39m[38;5;3m +1ms[39m
[32m[Nest] 5852  - [39m13/06/2026, 4:34:42 p. m. [32m    LOG[39m [38;5;3m[RouterExplorer] [39m[32mMapped {/api/rol, GET} (version: 1) route[39m[38;5;3m +0ms[39m
[32m[Nest] 5852  - [39m13/06/2026, 4:34:42 p. m. [32m    LOG[39m [38;5;3m[RouterExplorer] [39m[32mMapped {/api/rol/:id, GET} (version: 1) route[39m[38;5;3m +1ms[39m
[32m[Nest] 5852  - [39m13/06/2026, 4:34:42 p. m. [32m    LOG[39m [38;5;3m[RouterExplorer] [39m[32mMapped {/api/rol/:id, PATCH} (version: 1) route[39m[38;5;3m +0ms[39m
[32m[Nest] 5852  - [39m13/06/2026, 4:34:42 p. m. [32m    LOG[39m [38;5;3m[RouterExplorer] [39m[32mMapped {/api/rol/:id, DELETE} (version: 1) route[39m[38;5;3m +1ms[39m
[32m[Nest] 5852  - [39m13/06/2026, 4:34:42 p. m. [32m    LOG[39m [38;5;3m[RoutesResolver] [39m[32mPermisoController {/api/permiso} (version: 1):[39m[38;5;3m +0ms[39m
[32m[Nest] 5852  - [39m13/06/2026, 4:34:42 p. m. [32m    LOG[39m [38;5;3m[RouterExplorer] [39m[32mMapped {/api/permiso, POST} (version: 1) route[39m[38;5;3m +1ms[39m
[32m[Nest] 5852  - [39m13/06/2026, 4:34:42 p. m. [32m    LOG[39m [38;5;3m[RouterExplorer] [39m[32mMapped {/api/permiso, GET} (version: 1) route[39m[38;5;3m +0ms[39m
[32m[Nest] 5852  - [39m13/06/2026, 4:34:42 p. m. [32m    LOG[39m [38;5;3m[RouterExplorer] [39m[32mMapped {/api/permiso/:id, GET} (version: 1) route[39m[38;5;3m +1ms[39m
[32m[Nest] 5852  - [39m13/06/2026, 4:34:42 p. m. [32m    LOG[39m [38;5;3m[RouterExplorer] [39m[32mMapped {/api/permiso/:id, PATCH} (version: 1) route[39m[38;5;3m +0ms[39m
[32m[Nest] 5852  - [39m13/06/2026, 4:34:42 p. m. [32m    LOG[39m [38;5;3m[RouterExplorer] [39m[32mMapped {/api/permiso/:id, DELETE} (version: 1) route[39m[38;5;3m +1ms[39m
[32m[Nest] 5852  - [39m13/06/2026, 4:34:42 p. m. [32m    LOG[39m [38;5;3m[RoutesResolver] [39m[32mRolpermisoController {/api/rolpermiso} (version: 1):[39m[38;5;3m +0ms[39m
[32m[Nest] 5852  - [39m13/06/2026, 4:34:42 p. m. [32m    LOG[39m [38;5;3m[RouterExplorer] [39m[32mMapped {/api/rolpermiso, POST} (version: 1) route[39m[38;5;3m +1ms[39m
[32m[Nest] 5852  - [39m13/06/2026, 4:34:42 p. m. [32m    LOG[39m [38;5;3m[RouterExplorer] [39m[32mMapped {/api/rolpermiso, GET} (version: 1) route[39m[38;5;3m +0ms[39m
[32m[Nest] 5852  - [39m13/06/2026, 4:34:42 p. m. [32m    LOG[39m [38;5;3m[RouterExplorer] [39m[32mMapped {/api/rolpermiso/:id, GET} (version: 1) route[39m[38;5;3m +1ms[39m
[32m[Nest] 5852  - [39m13/06/2026, 4:34:42 p. m. [32m    LOG[39m [38;5;3m[RouterExplorer] [39m[32mMapped {/api/rolpermiso/:id, PATCH} (version: 1) route[39m[38;5;3m +0ms[39m
[32m[Nest] 5852  - [39m13/06/2026, 4:34:42 p. m. [32m    LOG[39m [38;5;3m[RouterExplorer] [39m[32mMapped {/api/rolpermiso/:id, DELETE} (version: 1) route[39m[38;5;3m +1ms[39m
[32m[Nest] 5852  - [39m13/06/2026, 4:34:42 p. m. [32m    LOG[39m [38;5;3m[RoutesResolver] [39m[32mUsuariorolController {/api/usuariorol} (version: 1):[39m[38;5;3m +0ms[39m
[32m[Nest] 5852  - [39m13/06/2026, 4:34:42 p. m. [32m    LOG[39m [38;5;3m[RouterExplorer] [39m[32mMapped {/api/usuariorol, POST} (version: 1) route[39m[38;5;3m +1ms[39m
[32m[Nest] 5852  - [39m13/06/2026, 4:34:42 p. m. [32m    LOG[39m [38;5;3m[RouterExplorer] [39m[32mMapped {/api/usuariorol, GET} (version: 1) route[39m[38;5;3m +0ms[39m
[32m[Nest] 5852  - [39m13/06/2026, 4:34:42 p. m. [32m    LOG[39m [38;5;3m[RouterExplorer] [39m[32mMapped {/api/usuariorol/:id, GET} (version: 1) route[39m[38;5;3m +1ms[39m
[32m[Nest] 5852  - [39m13/06/2026, 4:34:42 p. m. [32m    LOG[39m [38;5;3m[RouterExplorer] [39m[32mMapped {/api/usuariorol/:id, PATCH} (version: 1) route[39m[38;5;3m +0ms[39m
[32m[Nest] 5852  - [39m13/06/2026, 4:34:42 p. m. [32m    LOG[39m [38;5;3m[RouterExplorer] [39m[32mMapped {/api/usuariorol/:id, DELETE} (version: 1) route[39m[38;5;3m +1ms[39m
[32m[Nest] 5852  - [39m13/06/2026, 4:34:42 p. m. [32m    LOG[39m [38;5;3m[RoutesResolver] [39m[32mEspecialidadController {/api/especialidad} (version: 1):[39m[38;5;3m +0ms[39m
[32m[Nest] 5852  - [39m13/06/2026, 4:34:42 p. m. [32m    LOG[39m [38;5;3m[RouterExplorer] [39m[32mMapped {/api/especialidad, POST} (version: 1) route[39m[38;5;3m +2ms[39m
[32m[Nest] 5852  - [39m13/06/2026, 4:34:42 p. m. [32m    LOG[39m [38;5;3m[RouterExplorer] [39m[32mMapped {/api/especialidad, GET} (version: 1) route[39m[38;5;3m +1ms[39m
[32m[Nest] 5852  - [39m13/06/2026, 4:34:42 p. m. [32m    LOG[39m [38;5;3m[RouterExplorer] [39m[32mMapped {/api/especialidad/:id, GET} (version: 1) route[39m[38;5;3m +0ms[39m
[32m[Nest] 5852  - [39m13/06/2026, 4:34:42 p. m. [32m    LOG[39m [38;5;3m[RouterExplorer] [39m[32mMapped {/api/especialidad/:id, PATCH} (version: 1) route[39m[38;5;3m +1ms[39m
[32m[Nest] 5852  - [39m13/06/2026, 4:34:42 p. m. [32m    LOG[39m [38;5;3m[RouterExplorer] [39m[32mMapped {/api/especialidad/:id, DELETE} (version: 1) route[39m[38;5;3m +0ms[39m
[32m[Nest] 5852  - [39m13/06/2026, 4:34:42 p. m. [32m    LOG[39m [38;5;3m[RoutesResolver] [39m[32mTipovacunaController {/api/tipovacuna} (version: 1):[39m[38;5;3m +1ms[39m
[32m[Nest] 5852  - [39m13/06/2026, 4:34:42 p. m. [32m    LOG[39m [38;5;3m[RouterExplorer] [39m[32mMapped {/api/tipovacuna, POST} (version: 1) route[39m[38;5;3m +1ms[39m
[32m[Nest] 5852  - [39m13/06/2026, 4:34:42 p. m. [32m    LOG[39m [38;5;3m[RouterExplorer] [39m[32mMapped {/api/tipovacuna, GET} (version: 1) route[39m[38;5;3m +0ms[39m
[32m[Nest] 5852  - [39m13/06/2026, 4:34:42 p. m. [32m    LOG[39m [38;5;3m[RouterExplorer] [39m[32mMapped {/api/tipovacuna/:id, GET} (version: 1) route[39m[38;5;3m +1ms[39m
[32m[Nest] 5852  - [39m13/06/2026, 4:34:42 p. m. [32m    LOG[39m [38;5;3m[RouterExplorer] [39m[32mMapped {/api/tipovacuna/:id, PATCH} (version: 1) route[39m[38;5;3m +0ms[39m
[32m[Nest] 5852  - [39m13/06/2026, 4:34:42 p. m. [32m    LOG[39m [38;5;3m[RouterExplorer] [39m[32mMapped {/api/tipovacuna/:id, DELETE} (version: 1) route[39m[38;5;3m +1ms[39m
[32m[Nest] 5852  - [39m13/06/2026, 4:34:42 p. m. [32m    LOG[39m [38;5;3m[RoutesResolver] [39m[32mTipolesionController {/api/tipolesion} (version: 1):[39m[38;5;3m +0ms[39m
[32m[Nest] 5852  - [39m13/06/2026, 4:34:42 p. m. [32m    LOG[39m [38;5;3m[RouterExplorer] [39m[32mMapped {/api/tipolesion, POST} (version: 1) route[39m[38;5;3m +1ms[39m
[32m[Nest] 5852  - [39m13/06/2026, 4:34:42 p. m. [32m    LOG[39m [38;5;3m[RouterExplorer] [39m[32mMapped {/api/tipolesion, GET} (version: 1) route[39m[38;5;3m +0ms[39m
[32m[Nest] 5852  - [39m13/06/2026, 4:34:42 p. m. [32m    LOG[39m [38;5;3m[RouterExplorer] [39m[32mMapped {/api/tipolesion/:id, GET} (version: 1) route[39m[38;5;3m +1ms[39m
[32m[Nest] 5852  - [39m13/06/2026, 4:34:42 p. m. [32m    LOG[39m [38;5;3m[RouterExplorer] [39m[32mMapped {/api/tipolesion/:id, PATCH} (version: 1) route[39m[38;5;3m +0ms[39m
[32m[Nest] 5852  - [39m13/06/2026, 4:34:42 p. m. [32m    LOG[39m [38;5;3m[RouterExplorer] [39m[32mMapped {/api/tipolesion/:id, DELETE} (version: 1) route[39m[38;5;3m +1ms[39m
[32m[Nest] 5852  - [39m13/06/2026, 4:34:42 p. m. [32m    LOG[39m [38;5;3m[RoutesResolver] [39m[32mTipooperacionController {/api/tipooperacion} (version: 1):[39m[38;5;3m +0ms[39m
[32m[Nest] 5852  - [39m13/06/2026, 4:34:42 p. m. [32m    LOG[39m [38;5;3m[RouterExplorer] [39m[32mMapped {/api/tipooperacion, POST} (version: 1) route[39m[38;5;3m +1ms[39m
[32m[Nest] 5852  - [39m13/06/2026, 4:34:42 p. m. [32m    LOG[39m [38;5;3m[RouterExplorer] [39m[32mMapped {/api/tipooperacion, GET} (version: 1) route[39m[38;5;3m +0ms[39m
[32m[Nest] 5852  - [39m13/06/2026, 4:34:42 p. m. [32m    LOG[39m [38;5;3m[RouterExplorer] [39m[32mMapped {/api/tipooperacion/:id, GET} (version: 1) route[39m[38;5;3m +1ms[39m
[32m[Nest] 5852  - [39m13/06/2026, 4:34:42 p. m. [32m    LOG[39m [38;5;3m[RouterExplorer] [39m[32mMapped {/api/tipooperacion/:id, PATCH} (version: 1) route[39m[38;5;3m +0ms[39m
[32m[Nest] 5852  - [39m13/06/2026, 4:34:42 p. m. [32m    LOG[39m [38;5;3m[RouterExplorer] [39m[32mMapped {/api/tipooperacion/:id, DELETE} (version: 1) route[39m[38;5;3m +1ms[39m
[32m[Nest] 5852  - [39m13/06/2026, 4:34:42 p. m. [32m    LOG[39m [38;5;3m[RoutesResolver] [39m[32mTipodocumentoclinicoController {/api/tipodocumentoclinico} (version: 1):[39m[38;5;3m +0ms[39m
[32m[Nest] 5852  - [39m13/06/2026, 4:34:42 p. m. [32m    LOG[39m [38;5;3m[RouterExplorer] [39m[32mMapped {/api/tipodocumentoclinico, POST} (version: 1) route[39m[38;5;3m +0ms[39m
[32m[Nest] 5852  - [39m13/06/2026, 4:34:42 p. m. [32m    LOG[39m [38;5;3m[RouterExplorer] [39m[32mMapped {/api/tipodocumentoclinico, GET} (version: 1) route[39m[38;5;3m +1ms[39m
[32m[Nest] 5852  - [39m13/06/2026, 4:34:42 p. m. [32m    LOG[39m [38;5;3m[RouterExplorer] [39m[32mMapped {/api/tipodocumentoclinico/:id, GET} (version: 1) route[39m[38;5;3m +1ms[39m
[32m[Nest] 5852  - [39m13/06/2026, 4:34:42 p. m. [32m    LOG[39m [38;5;3m[RouterExplorer] [39m[32mMapped {/api/tipodocumentoclinico/:id, PATCH} (version: 1) route[39m[38;5;3m +0ms[39m
[32m[Nest] 5852  - [39m13/06/2026, 4:34:42 p. m. [32m    LOG[39m [38;5;3m[RouterExplorer] [39m[32mMapped {/api/tipodocumentoclinico/:id, DELETE} (version: 1) route[39m[38;5;3m +1ms[39m
[32m[Nest] 5852  - [39m13/06/2026, 4:34:42 p. m. [32m    LOG[39m [38;5;3m[RoutesResolver] [39m[32mTipocondicioncronicaController {/api/tipocondicioncronica} (version: 1):[39m[38;5;3m +0ms[39m
[32m[Nest] 5852  - [39m13/06/2026, 4:34:42 p. m. [32m    LOG[39m [38;5;3m[RouterExplorer] [39m[32mMapped {/api/tipocondicioncronica, POST} (version: 1) route[39m[38;5;3m +1ms[39m
[32m[Nest] 5852  - [39m13/06/2026, 4:34:42 p. m. [32m    LOG[39m [38;5;3m[RouterExplorer] [39m[32mMapped {/api/tipocondicioncronica, GET} (version: 1) route[39m[38;5;3m +1ms[39m
[32m[Nest] 5852  - [39m13/06/2026, 4:34:42 p. m. [32m    LOG[39m [38;5;3m[RouterExplorer] [39m[32mMapped {/api/tipocondicioncronica/:id, GET} (version: 1) route[39m[38;5;3m +1ms[39m
[32m[Nest] 5852  - [39m13/06/2026, 4:34:42 p. m. [32m    LOG[39m [38;5;3m[RouterExplorer] [39m[32mMapped {/api/tipocondicioncronica/:id, PATCH} (version: 1) route[39m[38;5;3m +0ms[39m
[32m[Nest] 5852  - [39m13/06/2026, 4:34:42 p. m. [32m    LOG[39m [38;5;3m[RouterExplorer] [39m[32mMapped {/api/tipocondicioncronica/:id, DELETE} (version: 1) route[39m[38;5;3m +1ms[39m
[32m[Nest] 5852  - [39m13/06/2026, 4:34:42 p. m. [32m    LOG[39m [38;5;3m[RoutesResolver] [39m[32mTipohabitoController {/api/tipohabito} (version: 1):[39m[38;5;3m +0ms[39m
[32m[Nest] 5852  - [39m13/06/2026, 4:34:42 p. m. [32m    LOG[39m [38;5;3m[RouterExplorer] [39m[32mMapped {/api/tipohabito, POST} (version: 1) route[39m[38;5;3m +1ms[39m
[32m[Nest] 5852  - [39m13/06/2026, 4:34:42 p. m. [32m    LOG[39m [38;5;3m[RouterExplorer] [39m[32mMapped {/api/tipohabito, GET} (version: 1) route[39m[38;5;3m +0ms[39m
[32m[Nest] 5852  - [39m13/06/2026, 4:34:42 p. m. [32m    LOG[39m [38;5;3m[RouterExplorer] [39m[32mMapped {/api/tipohabito/:id, GET} (version: 1) route[39m[38;5;3m +1ms[39m
[32m[Nest] 5852  - [39m13/06/2026, 4:34:42 p. m. [32m    LOG[39m [38;5;3m[RouterExplorer] [39m[32mMapped {/api/tipohabito/:id, PATCH} (version: 1) route[39m[38;5;3m +0ms[39m
[32m[Nest] 5852  - [39m13/06/2026, 4:34:42 p. m. [32m    LOG[39m [38;5;3m[RouterExplorer] [39m[32mMapped {/api/tipohabito/:id, DELETE} (version: 1) route[39m[38;5;3m +1ms[39m
[32m[Nest] 5852  - [39m13/06/2026, 4:34:42 p. m. [32m    LOG[39m [38;5;3m[RoutesResolver] [39m[32mConsultamedicaController {/api/consultamedica} (version: 1):[39m[38;5;3m +0ms[39m
[32m[Nest] 5852  - [39m13/06/2026, 4:34:42 p. m. [32m    LOG[39m [38;5;3m[RouterExplorer] [39m[32mMapped {/api/consultamedica, POST} (version: 1) route[39m[38;5;3m +1ms[39m
[32m[Nest] 5852  - [39m13/06/2026, 4:34:42 p. m. [32m    LOG[39m [38;5;3m[RouterExplorer] [39m[32mMapped {/api/consultamedica, GET} (version: 1) route[39m[38;5;3m +0ms[39m
[32m[Nest] 5852  - [39m13/06/2026, 4:34:42 p. m. [32m    LOG[39m [38;5;3m[RouterExplorer] [39m[32mMapped {/api/consultamedica/:id, GET} (version: 1) route[39m[38;5;3m +1ms[39m
[32m[Nest] 5852  - [39m13/06/2026, 4:34:42 p. m. [32m    LOG[39m [38;5;3m[RouterExplorer] [39m[32mMapped {/api/consultamedica/:id, PATCH} (version: 1) route[39m[38;5;3m +0ms[39m
[32m[Nest] 5852  - [39m13/06/2026, 4:34:42 p. m. [32m    LOG[39m [38;5;3m[RouterExplorer] [39m[32mMapped {/api/consultamedica/:id, DELETE} (version: 1) route[39m[38;5;3m +0ms[39m
[32m[Nest] 5852  - [39m13/06/2026, 4:34:42 p. m. [32m    LOG[39m [38;5;3m[RoutesResolver] [39m[32mLesionController {/api/lesion} (version: 1):[39m[38;5;3m +1ms[39m
[32m[Nest] 5852  - [39m13/06/2026, 4:34:42 p. m. [32m    LOG[39m [38;5;3m[RouterExplorer] [39m[32mMapped {/api/lesion, POST} (version: 1) route[39m[38;5;3m +0ms[39m
[32m[Nest] 5852  - [39m13/06/2026, 4:34:42 p. m. [32m    LOG[39m [38;5;3m[RouterExplorer] [39m[32mMapped {/api/lesion, GET} (version: 1) route[39m[38;5;3m +1ms[39m
[32m[Nest] 5852  - [39m13/06/2026, 4:34:42 p. m. [32m    LOG[39m [38;5;3m[RouterExplorer] [39m[32mMapped {/api/lesion/:id, GET} (version: 1) route[39m[38;5;3m +0ms[39m
[32m[Nest] 5852  - [39m13/06/2026, 4:34:42 p. m. [32m    LOG[39m [38;5;3m[RouterExplorer] [39m[32mMapped {/api/lesion/:id, PATCH} (version: 1) route[39m[38;5;3m +0ms[39m
[32m[Nest] 5852  - [39m13/06/2026, 4:34:42 p. m. [32m    LOG[39m [38;5;3m[RouterExplorer] [39m[32mMapped {/api/lesion/:id, DELETE} (version: 1) route[39m[38;5;3m +1ms[39m
[32m[Nest] 5852  - [39m13/06/2026, 4:34:42 p. m. [32m    LOG[39m [38;5;3m[RoutesResolver] [39m[32mEstilovidaController {/api/estilovida} (version: 1):[39m[38;5;3m +0ms[39m
[32m[Nest] 5852  - [39m13/06/2026, 4:34:42 p. m. [32m    LOG[39m [38;5;3m[RouterExplorer] [39m[32mMapped {/api/estilovida, POST} (version: 1) route[39m[38;5;3m +1ms[39m
[32m[Nest] 5852  - [39m13/06/2026, 4:34:42 p. m. [32m    LOG[39m [38;5;3m[RouterExplorer] [39m[32mMapped {/api/estilovida, GET} (version: 1) route[39m[38;5;3m +0ms[39m
[32m[Nest] 5852  - [39m13/06/2026, 4:34:42 p. m. [32m    LOG[39m [38;5;3m[RouterExplorer] [39m[32mMapped {/api/estilovida/:id, GET} (version: 1) route[39m[38;5;3m +0ms[39m
[32m[Nest] 5852  - [39m13/06/2026, 4:34:42 p. m. [32m    LOG[39m [38;5;3m[RouterExplorer] [39m[32mMapped {/api/estilovida/:id, PATCH} (version: 1) route[39m[38;5;3m +1ms[39m
[32m[Nest] 5852  - [39m13/06/2026, 4:34:42 p. m. [32m    LOG[39m [38;5;3m[RouterExplorer] [39m[32mMapped {/api/estilovida/:id, DELETE} (version: 1) route[39m[38;5;3m +0ms[39m
[32m[Nest] 5852  - [39m13/06/2026, 4:34:42 p. m. [32m    LOG[39m [38;5;3m[RoutesResolver] [39m[32mVacunaController {/api/vacuna} (version: 1):[39m[38;5;3m +1ms[39m
[32m[Nest] 5852  - [39m13/06/2026, 4:34:42 p. m. [32m    LOG[39m [38;5;3m[RouterExplorer] [39m[32mMapped {/api/vacuna, POST} (version: 1) route[39m[38;5;3m +0ms[39m
[32m[Nest] 5852  - [39m13/06/2026, 4:34:42 p. m. [32m    LOG[39m [38;5;3m[RouterExplorer] [39m[32mMapped {/api/vacuna, GET} (version: 1) route[39m[38;5;3m +1ms[39m
[32m[Nest] 5852  - [39m13/06/2026, 4:34:42 p. m. [32m    LOG[39m [38;5;3m[RouterExplorer] [39m[32mMapped {/api/vacuna/:id, GET} (version: 1) route[39m[38;5;3m +0ms[39m
[32m[Nest] 5852  - [39m13/06/2026, 4:34:42 p. m. [32m    LOG[39m [38;5;3m[RouterExplorer] [39m[32mMapped {/api/vacuna/:id, PATCH} (version: 1) route[39m[38;5;3m +0ms[39m
[32m[Nest] 5852  - [39m13/06/2026, 4:34:42 p. m. [32m    LOG[39m [38;5;3m[RouterExplorer] [39m[32mMapped {/api/vacuna/:id, DELETE} (version: 1) route[39m[38;5;3m +1ms[39m
[32m[Nest] 5852  - [39m13/06/2026, 4:34:42 p. m. [32m    LOG[39m [38;5;3m[RoutesResolver] [39m[32mCitamedicaController {/api/citamedica} (version: 1):[39m[38;5;3m +0ms[39m
[32m[Nest] 5852  - [39m13/06/2026, 4:34:42 p. m. [32m    LOG[39m [38;5;3m[RouterExplorer] [39m[32mMapped {/api/citamedica, POST} (version: 1) route[39m[38;5;3m +1ms[39m
[32m[Nest] 5852  - [39m13/06/2026, 4:34:42 p. m. [32m    LOG[39m [38;5;3m[RouterExplorer] [39m[32mMapped {/api/citamedica, GET} (version: 1) route[39m[38;5;3m +1ms[39m
[32m[Nest] 5852  - [39m13/06/2026, 4:34:42 p. m. [32m    LOG[39m [38;5;3m[RouterExplorer] [39m[32mMapped {/api/citamedica/:id, GET} (version: 1) route[39m[38;5;3m +1ms[39m
[32m[Nest] 5852  - [39m13/06/2026, 4:34:42 p. m. [32m    LOG[39m [38;5;3m[RouterExplorer] [39m[32mMapped {/api/citamedica/:id, PATCH} (version: 1) route[39m[38;5;3m +0ms[39m
[32m[Nest] 5852  - [39m13/06/2026, 4:34:42 p. m. [32m    LOG[39m [38;5;3m[RouterExplorer] [39m[32mMapped {/api/citamedica/:id, DELETE} (version: 1) route[39m[38;5;3m +1ms[39m
[32m[Nest] 5852  - [39m13/06/2026, 4:34:42 p. m. [32m    LOG[39m [38;5;3m[RoutesResolver] [39m[32mRegistrodentalController {/api/registrodental} (version: 1):[39m[38;5;3m +0ms[39m
[32m[Nest] 5852  - [39m13/06/2026, 4:34:42 p. m. [32m    LOG[39m [38;5;3m[RouterExplorer] [39m[32mMapped {/api/registrodental, POST} (version: 1) route[39m[38;5;3m +2ms[39m
[32m[Nest] 5852  - [39m13/06/2026, 4:34:42 p. m. [32m    LOG[39m [38;5;3m[RouterExplorer] [39m[32mMapped {/api/registrodental, GET} (version: 1) route[39m[38;5;3m +0ms[39m
[32m[Nest] 5852  - [39m13/06/2026, 4:34:42 p. m. [32m    LOG[39m [38;5;3m[RouterExplorer] [39m[32mMapped {/api/registrodental/:id, GET} (version: 1) route[39m[38;5;3m +1ms[39m
[32m[Nest] 5852  - [39m13/06/2026, 4:34:42 p. m. [32m    LOG[39m [38;5;3m[RouterExplorer] [39m[32mMapped {/api/registrodental/:id, PATCH} (version: 1) route[39m[38;5;3m +0ms[39m
[32m[Nest] 5852  - [39m13/06/2026, 4:34:42 p. m. [32m    LOG[39m [38;5;3m[RouterExplorer] [39m[32mMapped {/api/registrodental/:id, DELETE} (version: 1) route[39m[38;5;3m +1ms[39m
[32m[Nest] 5852  - [39m13/06/2026, 4:34:42 p. m. [32m    LOG[39m [38;5;3m[RoutesResolver] [39m[32mOperacionController {/api/operacion} (version: 1):[39m[38;5;3m +0ms[39m
[32m[Nest] 5852  - [39m13/06/2026, 4:34:42 p. m. [32m    LOG[39m [38;5;3m[RouterExplorer] [39m[32mMapped {/api/operacion, POST} (version: 1) route[39m[38;5;3m +1ms[39m
[32m[Nest] 5852  - [39m13/06/2026, 4:34:42 p. m. [32m    LOG[39m [38;5;3m[RouterExplorer] [39m[32mMapped {/api/operacion, GET} (version: 1) route[39m[38;5;3m +0ms[39m
[32m[Nest] 5852  - [39m13/06/2026, 4:34:42 p. m. [32m    LOG[39m [38;5;3m[RouterExplorer] [39m[32mMapped {/api/operacion/:id, GET} (version: 1) route[39m[38;5;3m +1ms[39m
[32m[Nest] 5852  - [39m13/06/2026, 4:34:42 p. m. [32m    LOG[39m [38;5;3m[RouterExplorer] [39m[32mMapped {/api/operacion/:id, PATCH} (version: 1) route[39m[38;5;3m +0ms[39m
[32m[Nest] 5852  - [39m13/06/2026, 4:34:42 p. m. [32m    LOG[39m [38;5;3m[RouterExplorer] [39m[32mMapped {/api/operacion/:id, DELETE} (version: 1) route[39m[38;5;3m +0ms[39m
[32m[Nest] 5852  - [39m13/06/2026, 4:34:42 p. m. [32m    LOG[39m [38;5;3m[RoutesResolver] [39m[32mDesparasitacionController {/api/desparasitacion} (version: 1):[39m[38;5;3m +1ms[39m
[32m[Nest] 5852  - [39m13/06/2026, 4:34:42 p. m. [32m    LOG[39m [38;5;3m[RouterExplorer] [39m[32mMapped {/api/desparasitacion, POST} (version: 1) route[39m[38;5;3m +0ms[39m
[32m[Nest] 5852  - [39m13/06/2026, 4:34:42 p. m. [32m    LOG[39m [38;5;3m[RouterExplorer] [39m[32mMapped {/api/desparasitacion, GET} (version: 1) route[39m[38;5;3m +1ms[39m
[32m[Nest] 5852  - [39m13/06/2026, 4:34:42 p. m. [32m    LOG[39m [38;5;3m[RouterExplorer] [39m[32mMapped {/api/desparasitacion/:id, GET} (version: 1) route[39m[38;5;3m +0ms[39m
[32m[Nest] 5852  - [39m13/06/2026, 4:34:42 p. m. [32m    LOG[39m [38;5;3m[RouterExplorer] [39m[32mMapped {/api/desparasitacion/:id, PATCH} (version: 1) route[39m[38;5;3m +0ms[39m
[32m[Nest] 5852  - [39m13/06/2026, 4:34:42 p. m. [32m    LOG[39m [38;5;3m[RouterExplorer] [39m[32mMapped {/api/desparasitacion/:id, DELETE} (version: 1) route[39m[38;5;3m +1ms[39m
[32m[Nest] 5852  - [39m13/06/2026, 4:34:42 p. m. [32m    LOG[39m [38;5;3m[RoutesResolver] [39m[32mRegistromensualController {/api/registromensual} (version: 1):[39m[38;5;3m +1ms[39m
[32m[Nest] 5852  - [39m13/06/2026, 4:34:42 p. m. [32m    LOG[39m [38;5;3m[RouterExplorer] [39m[32mMapped {/api/registromensual, POST} (version: 1) route[39m[38;5;3m +0ms[39m
[32m[Nest] 5852  - [39m13/06/2026, 4:34:42 p. m. [32m    LOG[39m [38;5;3m[RouterExplorer] [39m[32mMapped {/api/registromensual, GET} (version: 1) route[39m[38;5;3m +1ms[39m
[32m[Nest] 5852  - [39m13/06/2026, 4:34:42 p. m. [32m    LOG[39m [38;5;3m[RouterExplorer] [39m[32mMapped {/api/registromensual/:id, GET} (version: 1) route[39m[38;5;3m +0ms[39m
[32m[Nest] 5852  - [39m13/06/2026, 4:34:42 p. m. [32m    LOG[39m [38;5;3m[RouterExplorer] [39m[32mMapped {/api/registromensual/:id, PATCH} (version: 1) route[39m[38;5;3m +1ms[39m
[32m[Nest] 5852  - [39m13/06/2026, 4:34:42 p. m. [32m    LOG[39m [38;5;3m[RouterExplorer] [39m[32mMapped {/api/registromensual/:id, DELETE} (version: 1) route[39m[38;5;3m +0ms[39m
[32m[Nest] 5852  - [39m13/06/2026, 4:34:42 p. m. [32m    LOG[39m [38;5;3m[RoutesResolver] [39m[32mEmbarazoController {/api/embarazo} (version: 1):[39m[38;5;3m +0ms[39m
[32m[Nest] 5852  - [39m13/06/2026, 4:34:42 p. m. [32m    LOG[39m [38;5;3m[RouterExplorer] [39m[32mMapped {/api/embarazo, POST} (version: 1) route[39m[38;5;3m +1ms[39m
[32m[Nest] 5852  - [39m13/06/2026, 4:34:42 p. m. [32m    LOG[39m [38;5;3m[RouterExplorer] [39m[32mMapped {/api/embarazo, GET} (version: 1) route[39m[38;5;3m +1ms[39m
[32m[Nest] 5852  - [39m13/06/2026, 4:34:42 p. m. [32m    LOG[39m [38;5;3m[RouterExplorer] [39m[32mMapped {/api/embarazo/:id, GET} (version: 1) route[39m[38;5;3m +1ms[39m
[32m[Nest] 5852  - [39m13/06/2026, 4:34:42 p. m. [32m    LOG[39m [38;5;3m[RouterExplorer] [39m[32mMapped {/api/embarazo/:id, PATCH} (version: 1) route[39m[38;5;3m +0ms[39m
[32m[Nest] 5852  - [39m13/06/2026, 4:34:42 p. m. [32m    LOG[39m [38;5;3m[RouterExplorer] [39m[32mMapped {/api/embarazo/:id, DELETE} (version: 1) route[39m[38;5;3m +1ms[39m
[32m[Nest] 5852  - [39m13/06/2026, 4:34:42 p. m. [32m    LOG[39m [38;5;3m[RoutesResolver] [39m[32mControlprenatalController {/api/controlprenatal} (version: 1):[39m[38;5;3m +0ms[39m
[32m[Nest] 5852  - [39m13/06/2026, 4:34:42 p. m. [32m    LOG[39m [38;5;3m[RouterExplorer] [39m[32mMapped {/api/controlprenatal, POST} (version: 1) route[39m[38;5;3m +1ms[39m
[32m[Nest] 5852  - [39m13/06/2026, 4:34:42 p. m. [32m    LOG[39m [38;5;3m[RouterExplorer] [39m[32mMapped {/api/controlprenatal, GET} (version: 1) route[39m[38;5;3m +1ms[39m
[32m[Nest] 5852  - [39m13/06/2026, 4:34:42 p. m. [32m    LOG[39m [38;5;3m[RouterExplorer] [39m[32mMapped {/api/controlprenatal/:id, GET} (version: 1) route[39m[38;5;3m +0ms[39m
[32m[Nest] 5852  - [39m13/06/2026, 4:34:42 p. m. [32m    LOG[39m [38;5;3m[RouterExplorer] [39m[32mMapped {/api/controlprenatal/:id, PATCH} (version: 1) route[39m[38;5;3m +0ms[39m
[32m[Nest] 5852  - [39m13/06/2026, 4:34:42 p. m. [32m    LOG[39m [38;5;3m[RouterExplorer] [39m[32mMapped {/api/controlprenatal/:id, DELETE} (version: 1) route[39m[38;5;3m +1ms[39m
[32m[Nest] 5852  - [39m13/06/2026, 4:34:42 p. m. [32m    LOG[39m [38;5;3m[RoutesResolver] [39m[32mDocumentoclinicoController {/api/documentoclinico} (version: 1):[39m[38;5;3m +0ms[39m
[32m[Nest] 5852  - [39m13/06/2026, 4:34:42 p. m. [32m    LOG[39m [38;5;3m[RouterExplorer] [39m[32mMapped {/api/documentoclinico, POST} (version: 1) route[39m[38;5;3m +1ms[39m
[32m[Nest] 5852  - [39m13/06/2026, 4:34:42 p. m. [32m    LOG[39m [38;5;3m[RouterExplorer] [39m[32mMapped {/api/documentoclinico, GET} (version: 1) route[39m[38;5;3m +0ms[39m
[32m[Nest] 5852  - [39m13/06/2026, 4:34:42 p. m. [32m    LOG[39m [38;5;3m[RouterExplorer] [39m[32mMapped {/api/documentoclinico/:id, GET} (version: 1) route[39m[38;5;3m +0ms[39m
[32m[Nest] 5852  - [39m13/06/2026, 4:34:42 p. m. [32m    LOG[39m [38;5;3m[RouterExplorer] [39m[32mMapped {/api/documentoclinico/:id, PATCH} (version: 1) route[39m[38;5;3m +1ms[39m
[32m[Nest] 5852  - [39m13/06/2026, 4:34:42 p. m. [32m    LOG[39m [38;5;3m[RouterExplorer] [39m[32mMapped {/api/documentoclinico/:id, DELETE} (version: 1) route[39m[38;5;3m +0ms[39m
[32m[Nest] 5852  - [39m13/06/2026, 4:34:42 p. m. [32m    LOG[39m [38;5;3m[RoutesResolver] [39m[32mNotificacionController {/api/notificacion} (version: 1):[39m[38;5;3m +0ms[39m
[32m[Nest] 5852  - [39m13/06/2026, 4:34:42 p. m. [32m    LOG[39m [38;5;3m[RouterExplorer] [39m[32mMapped {/api/notificacion, POST} (version: 1) route[39m[38;5;3m +1ms[39m
[32m[Nest] 5852  - [39m13/06/2026, 4:34:42 p. m. [32m    LOG[39m [38;5;3m[RouterExplorer] [39m[32mMapped {/api/notificacion, GET} (version: 1) route[39m[38;5;3m +0ms[39m
[32m[Nest] 5852  - [39m13/06/2026, 4:34:42 p. m. [32m    LOG[39m [38;5;3m[RouterExplorer] [39m[32mMapped {/api/notificacion/:id, GET} (version: 1) route[39m[38;5;3m +0ms[39m
[32m[Nest] 5852  - [39m13/06/2026, 4:34:42 p. m. [32m    LOG[39m [38;5;3m[RouterExplorer] [39m[32mMapped {/api/notificacion/:id, PATCH} (version: 1) route[39m[38;5;3m +1ms[39m
[32m[Nest] 5852  - [39m13/06/2026, 4:34:42 p. m. [32m    LOG[39m [38;5;3m[RouterExplorer] [39m[32mMapped {/api/notificacion/:id, DELETE} (version: 1) route[39m[38;5;3m +0ms[39m
[32m[Nest] 5852  - [39m13/06/2026, 4:34:42 p. m. [32m    LOG[39m [38;5;3m[RoutesResolver] [39m[32mRecordatoriocitaController {/api/recordatoriocita} (version: 1):[39m[38;5;3m +0ms[39m
[32m[Nest] 5852  - [39m13/06/2026, 4:34:42 p. m. [32m    LOG[39m [38;5;3m[RouterExplorer] [39m[32mMapped {/api/recordatoriocita, POST} (version: 1) route[39m[38;5;3m +1ms[39m
[32m[Nest] 5852  - [39m13/06/2026, 4:34:42 p. m. [32m    LOG[39m [38;5;3m[RouterExplorer] [39m[32mMapped {/api/recordatoriocita, GET} (version: 1) route[39m[38;5;3m +0ms[39m
[32m[Nest] 5852  - [39m13/06/2026, 4:34:42 p. m. [32m    LOG[39m [38;5;3m[RouterExplorer] [39m[32mMapped {/api/recordatoriocita/:id, GET} (version: 1) route[39m[38;5;3m +0ms[39m
[32m[Nest] 5852  - [39m13/06/2026, 4:34:42 p. m. [32m    LOG[39m [38;5;3m[RouterExplorer] [39m[32mMapped {/api/recordatoriocita/:id, PATCH} (version: 1) route[39m[38;5;3m +1ms[39m
[32m[Nest] 5852  - [39m13/06/2026, 4:34:42 p. m. [32m    LOG[39m [38;5;3m[RouterExplorer] [39m[32mMapped {/api/recordatoriocita/:id, DELETE} (version: 1) route[39m[38;5;3m +0ms[39m
[32m[Nest] 5852  - [39m13/06/2026, 4:34:42 p. m. [32m    LOG[39m [38;5;3m[RoutesResolver] [39m[32mMedicacionController {/api/medicacion} (version: 1):[39m[38;5;3m +0ms[39m
[32m[Nest] 5852  - [39m13/06/2026, 4:34:42 p. m. [32m    LOG[39m [38;5;3m[RouterExplorer] [39m[32mMapped {/api/medicacion, POST} (version: 1) route[39m[38;5;3m +0ms[39m
[32m[Nest] 5852  - [39m13/06/2026, 4:34:42 p. m. [32m    LOG[39m [38;5;3m[RouterExplorer] [39m[32mMapped {/api/medicacion, GET} (version: 1) route[39m[38;5;3m +1ms[39m
[32m[Nest] 5852  - [39m13/06/2026, 4:34:42 p. m. [32m    LOG[39m [38;5;3m[RouterExplorer] [39m[32mMapped {/api/medicacion/:id, GET} (version: 1) route[39m[38;5;3m +0ms[39m
[32m[Nest] 5852  - [39m13/06/2026, 4:34:42 p. m. [32m    LOG[39m [38;5;3m[RouterExplorer] [39m[32mMapped {/api/medicacion/:id/receta, GET} (version: 1) route[39m[38;5;3m +0ms[39m
[32m[Nest] 5852  - [39m13/06/2026, 4:34:42 p. m. [32m    LOG[39m [38;5;3m[RouterExplorer] [39m[32mMapped {/api/medicacion/:id, PATCH} (version: 1) route[39m[38;5;3m +0ms[39m
[32m[Nest] 5852  - [39m13/06/2026, 4:34:42 p. m. [32m    LOG[39m [38;5;3m[RouterExplorer] [39m[32mMapped {/api/medicacion/:id, DELETE} (version: 1) route[39m[38;5;3m +0ms[39m
[32m[Nest] 5852  - [39m13/06/2026, 4:34:42 p. m. [32m    LOG[39m [38;5;3m[RoutesResolver] [39m[32mHorariomedicamentoController {/api/horariomedicamento} (version: 1):[39m[38;5;3m +0ms[39m
[32m[Nest] 5852  - [39m13/06/2026, 4:34:42 p. m. [32m    LOG[39m [38;5;3m[RouterExplorer] [39m[32mMapped {/api/horariomedicamento, POST} (version: 1) route[39m[38;5;3m +1ms[39m
[32m[Nest] 5852  - [39m13/06/2026, 4:34:42 p. m. [32m    LOG[39m [38;5;3m[RouterExplorer] [39m[32mMapped {/api/horariomedicamento, GET} (version: 1) route[39m[38;5;3m +0ms[39m
[32m[Nest] 5852  - [39m13/06/2026, 4:34:42 p. m. [32m    LOG[39m [38;5;3m[RouterExplorer] [39m[32mMapped {/api/horariomedicamento/:id, GET} (version: 1) route[39m[38;5;3m +0ms[39m
[32m[Nest] 5852  - [39m13/06/2026, 4:34:42 p. m. [32m    LOG[39m [38;5;3m[RouterExplorer] [39m[32mMapped {/api/horariomedicamento/:id, PATCH} (version: 1) route[39m[38;5;3m +1ms[39m
[32m[Nest] 5852  - [39m13/06/2026, 4:34:42 p. m. [32m    LOG[39m [38;5;3m[RouterExplorer] [39m[32mMapped {/api/horariomedicamento/:id, DELETE} (version: 1) route[39m[38;5;3m +0ms[39m
[32m[Nest] 5852  - [39m13/06/2026, 4:34:42 p. m. [32m    LOG[39m [38;5;3m[RoutesResolver] [39m[32mAlergiaController {/api/alergia} (version: 1):[39m[38;5;3m +0ms[39m
[32m[Nest] 5852  - [39m13/06/2026, 4:34:42 p. m. [32m    LOG[39m [38;5;3m[RouterExplorer] [39m[32mMapped {/api/alergia, POST} (version: 1) route[39m[38;5;3m +0ms[39m
[32m[Nest] 5852  - [39m13/06/2026, 4:34:42 p. m. [32m    LOG[39m [38;5;3m[RouterExplorer] [39m[32mMapped {/api/alergia, GET} (version: 1) route[39m[38;5;3m +1ms[39m
[32m[Nest] 5852  - [39m13/06/2026, 4:34:42 p. m. [32m    LOG[39m [38;5;3m[RouterExplorer] [39m[32mMapped {/api/alergia/:id, GET} (version: 1) route[39m[38;5;3m +1ms[39m
[32m[Nest] 5852  - [39m13/06/2026, 4:34:42 p. m. [32m    LOG[39m [38;5;3m[RouterExplorer] [39m[32mMapped {/api/alergia/:id, PATCH} (version: 1) route[39m[38;5;3m +0ms[39m
[32m[Nest] 5852  - [39m13/06/2026, 4:34:42 p. m. [32m    LOG[39m [38;5;3m[RouterExplorer] [39m[32mMapped {/api/alergia/:id, DELETE} (version: 1) route[39m[38;5;3m +1ms[39m
[32m[Nest] 5852  - [39m13/06/2026, 4:34:42 p. m. [32m    LOG[39m [38;5;3m[RoutesResolver] [39m[32mAntecedentefamiliarController {/api/antecedentefamiliar} (version: 1):[39m[38;5;3m +0ms[39m
[32m[Nest] 5852  - [39m13/06/2026, 4:34:42 p. m. [32m    LOG[39m [38;5;3m[RouterExplorer] [39m[32mMapped {/api/antecedentefamiliar, POST} (version: 1) route[39m[38;5;3m +0ms[39m
[32m[Nest] 5852  - [39m13/06/2026, 4:34:42 p. m. [32m    LOG[39m [38;5;3m[RouterExplorer] [39m[32mMapped {/api/antecedentefamiliar, GET} (version: 1) route[39m[38;5;3m +0ms[39m
[32m[Nest] 5852  - [39m13/06/2026, 4:34:42 p. m. [32m    LOG[39m [38;5;3m[RouterExplorer] [39m[32mMapped {/api/antecedentefamiliar/:id, GET} (version: 1) route[39m[38;5;3m +1ms[39m
[32m[Nest] 5852  - [39m13/06/2026, 4:34:42 p. m. [32m    LOG[39m [38;5;3m[RouterExplorer] [39m[32mMapped {/api/antecedentefamiliar/:id, PATCH} (version: 1) route[39m[38;5;3m +0ms[39m
[32m[Nest] 5852  - [39m13/06/2026, 4:34:42 p. m. [32m    LOG[39m [38;5;3m[RouterExplorer] [39m[32mMapped {/api/antecedentefamiliar/:id, DELETE} (version: 1) route[39m[38;5;3m +0ms[39m
[32m[Nest] 5852  - [39m13/06/2026, 4:34:42 p. m. [32m    LOG[39m [38;5;3m[RoutesResolver] [39m[32mHabitoespecificoController {/api/habitoespecifico} (version: 1):[39m[38;5;3m +1ms[39m
[32m[Nest] 5852  - [39m13/06/2026, 4:34:42 p. m. [32m    LOG[39m [38;5;3m[RouterExplorer] [39m[32mMapped {/api/habitoespecifico, POST} (version: 1) route[39m[38;5;3m +0ms[39m
[32m[Nest] 5852  - [39m13/06/2026, 4:34:42 p. m. [32m    LOG[39m [38;5;3m[RouterExplorer] [39m[32mMapped {/api/habitoespecifico, GET} (version: 1) route[39m[38;5;3m +0ms[39m
[32m[Nest] 5852  - [39m13/06/2026, 4:34:42 p. m. [32m    LOG[39m [38;5;3m[RouterExplorer] [39m[32mMapped {/api/habitoespecifico/:id, GET} (version: 1) route[39m[38;5;3m +1ms[39m
[32m[Nest] 5852  - [39m13/06/2026, 4:34:42 p. m. [32m    LOG[39m [38;5;3m[RouterExplorer] [39m[32mMapped {/api/habitoespecifico/:id, PATCH} (version: 1) route[39m[38;5;3m +0ms[39m
[32m[Nest] 5852  - [39m13/06/2026, 4:34:42 p. m. [32m    LOG[39m [38;5;3m[RouterExplorer] [39m[32mMapped {/api/habitoespecifico/:id, DELETE} (version: 1) route[39m[38;5;3m +0ms[39m
[32m[Nest] 5852  - [39m13/06/2026, 4:34:42 p. m. [32m    LOG[39m [38;5;3m[RoutesResolver] [39m[32mPuntajeriesgoController {/api/puntajeriesgo} (version: 1):[39m[38;5;3m +0ms[39m
[32m[Nest] 5852  - [39m13/06/2026, 4:34:42 p. m. [32m    LOG[39m [38;5;3m[RouterExplorer] [39m[32mMapped {/api/puntajeriesgo, POST} (version: 1) route[39m[38;5;3m +1ms[39m
[32m[Nest] 5852  - [39m13/06/2026, 4:34:42 p. m. [32m    LOG[39m [38;5;3m[RouterExplorer] [39m[32mMapped {/api/puntajeriesgo, GET} (version: 1) route[39m[38;5;3m +0ms[39m
[32m[Nest] 5852  - [39m13/06/2026, 4:34:42 p. m. [32m    LOG[39m [38;5;3m[RouterExplorer] [39m[32mMapped {/api/puntajeriesgo/:id, GET} (version: 1) route[39m[38;5;3m +1ms[39m
[32m[Nest] 5852  - [39m13/06/2026, 4:34:42 p. m. [32m    LOG[39m [38;5;3m[RouterExplorer] [39m[32mMapped {/api/puntajeriesgo/:id, PATCH} (version: 1) route[39m[38;5;3m +0ms[39m
[32m[Nest] 5852  - [39m13/06/2026, 4:34:42 p. m. [32m    LOG[39m [38;5;3m[RouterExplorer] [39m[32mMapped {/api/puntajeriesgo/:id, DELETE} (version: 1) route[39m[38;5;3m +0ms[39m
[32m[Nest] 5852  - [39m13/06/2026, 4:34:42 p. m. [32m    LOG[39m [38;5;3m[RoutesResolver] [39m[32mCondicioncronicaController {/api/condicioncronica} (version: 1):[39m[38;5;3m +1ms[39m
[32m[Nest] 5852  - [39m13/06/2026, 4:34:42 p. m. [32m    LOG[39m [38;5;3m[RouterExplorer] [39m[32mMapped {/api/condicioncronica, POST} (version: 1) route[39m[38;5;3m +0ms[39m
[32m[Nest] 5852  - [39m13/06/2026, 4:34:42 p. m. [32m    LOG[39m [38;5;3m[RouterExplorer] [39m[32mMapped {/api/condicioncronica, GET} (version: 1) route[39m[38;5;3m +0ms[39m
[32m[Nest] 5852  - [39m13/06/2026, 4:34:42 p. m. [32m    LOG[39m [38;5;3m[RouterExplorer] [39m[32mMapped {/api/condicioncronica/:id, GET} (version: 1) route[39m[38;5;3m +1ms[39m
[32m[Nest] 5852  - [39m13/06/2026, 4:34:42 p. m. [32m    LOG[39m [38;5;3m[RouterExplorer] [39m[32mMapped {/api/condicioncronica/:id, PATCH} (version: 1) route[39m[38;5;3m +0ms[39m
[32m[Nest] 5852  - [39m13/06/2026, 4:34:42 p. m. [32m    LOG[39m [38;5;3m[RouterExplorer] [39m[32mMapped {/api/condicioncronica/:id, DELETE} (version: 1) route[39m[38;5;3m +0ms[39m
[32m[Nest] 5852  - [39m13/06/2026, 4:34:42 p. m. [32m    LOG[39m [38;5;3m[RoutesResolver] [39m[32mObjetivocronicoController {/api/objetivocronico} (version: 1):[39m[38;5;3m +0ms[39m
[32m[Nest] 5852  - [39m13/06/2026, 4:34:42 p. m. [32m    LOG[39m [38;5;3m[RouterExplorer] [39m[32mMapped {/api/objetivocronico, POST} (version: 1) route[39m[38;5;3m +1ms[39m
[32m[Nest] 5852  - [39m13/06/2026, 4:34:42 p. m. [32m    LOG[39m [38;5;3m[RouterExplorer] [39m[32mMapped {/api/objetivocronico, GET} (version: 1) route[39m[38;5;3m +0ms[39m
[32m[Nest] 5852  - [39m13/06/2026, 4:34:42 p. m. [32m    LOG[39m [38;5;3m[RouterExplorer] [39m[32mMapped {/api/objetivocronico/:id, GET} (version: 1) route[39m[38;5;3m +1ms[39m
[32m[Nest] 5852  - [39m13/06/2026, 4:34:42 p. m. [32m    LOG[39m [38;5;3m[RouterExplorer] [39m[32mMapped {/api/objetivocronico/:id, PATCH} (version: 1) route[39m[38;5;3m +0ms[39m
[32m[Nest] 5852  - [39m13/06/2026, 4:34:42 p. m. [32m    LOG[39m [38;5;3m[RouterExplorer] [39m[32mMapped {/api/objetivocronico/:id, DELETE} (version: 1) route[39m[38;5;3m +1ms[39m
[32m[Nest] 5852  - [39m13/06/2026, 4:34:42 p. m. [32m    LOG[39m [38;5;3m[RoutesResolver] [39m[32mControlcronicoController {/api/controlcronico} (version: 1):[39m[38;5;3m +0ms[39m
[32m[Nest] 5852  - [39m13/06/2026, 4:34:42 p. m. [32m    LOG[39m [38;5;3m[RouterExplorer] [39m[32mMapped {/api/controlcronico, POST} (version: 1) route[39m[38;5;3m +0ms[39m
[32m[Nest] 5852  - [39m13/06/2026, 4:34:42 p. m. [32m    LOG[39m [38;5;3m[RouterExplorer] [39m[32mMapped {/api/controlcronico, GET} (version: 1) route[39m[38;5;3m +1ms[39m
[32m[Nest] 5852  - [39m13/06/2026, 4:34:42 p. m. [32m    LOG[39m [38;5;3m[RouterExplorer] [39m[32mMapped {/api/controlcronico/:id, GET} (version: 1) route[39m[38;5;3m +0ms[39m
[32m[Nest] 5852  - [39m13/06/2026, 4:34:42 p. m. [32m    LOG[39m [38;5;3m[RouterExplorer] [39m[32mMapped {/api/controlcronico/:id, PATCH} (version: 1) route[39m[38;5;3m +0ms[39m
[32m[Nest] 5852  - [39m13/06/2026, 4:34:42 p. m. [32m    LOG[39m [38;5;3m[RouterExplorer] [39m[32mMapped {/api/controlcronico/:id, DELETE} (version: 1) route[39m[38;5;3m +2ms[39m
[32m[Nest] 5852  - [39m13/06/2026, 4:34:42 p. m. [32m    LOG[39m [38;5;3m[RoutesResolver] [39m[32mAdherenciacronicaController {/api/adherenciacronica} (version: 1):[39m[38;5;3m +1ms[39m
[32m[Nest] 5852  - [39m13/06/2026, 4:34:42 p. m. [32m    LOG[39m [38;5;3m[RouterExplorer] [39m[32mMapped {/api/adherenciacronica, POST} (version: 1) route[39m[38;5;3m +0ms[39m
[32m[Nest] 5852  - [39m13/06/2026, 4:34:42 p. m. [32m    LOG[39m [38;5;3m[RouterExplorer] [39m[32mMapped {/api/adherenciacronica, GET} (version: 1) route[39m[38;5;3m +1ms[39m
[32m[Nest] 5852  - [39m13/06/2026, 4:34:42 p. m. [32m    LOG[39m [38;5;3m[RouterExplorer] [39m[32mMapped {/api/adherenciacronica/:id, GET} (version: 1) route[39m[38;5;3m +1ms[39m
[32m[Nest] 5852  - [39m13/06/2026, 4:34:42 p. m. [32m    LOG[39m [38;5;3m[RouterExplorer] [39m[32mMapped {/api/adherenciacronica/:id, PATCH} (version: 1) route[39m[38;5;3m +0ms[39m
[32m[Nest] 5852  - [39m13/06/2026, 4:34:42 p. m. [32m    LOG[39m [38;5;3m[RouterExplorer] [39m[32mMapped {/api/adherenciacronica/:id, DELETE} (version: 1) route[39m[38;5;3m +1ms[39m
[32m[Nest] 5852  - [39m13/06/2026, 4:34:42 p. m. [32m    LOG[39m [38;5;3m[RoutesResolver] [39m[32mEvaluacionsaludhabitoController {/api/evaluacionsaludhabito} (version: 1):[39m[38;5;3m +0ms[39m
[32m[Nest] 5852  - [39m13/06/2026, 4:34:42 p. m. [32m    LOG[39m [38;5;3m[RouterExplorer] [39m[32mMapped {/api/evaluacionsaludhabito, POST} (version: 1) route[39m[38;5;3m +0ms[39m
[32m[Nest] 5852  - [39m13/06/2026, 4:34:42 p. m. [32m    LOG[39m [38;5;3m[RouterExplorer] [39m[32mMapped {/api/evaluacionsaludhabito, GET} (version: 1) route[39m[38;5;3m +0ms[39m
[32m[Nest] 5852  - [39m13/06/2026, 4:34:42 p. m. [32m    LOG[39m [38;5;3m[RouterExplorer] [39m[32mMapped {/api/evaluacionsaludhabito/:id, GET} (version: 1) route[39m[38;5;3m +1ms[39m
[32m[Nest] 5852  - [39m13/06/2026, 4:34:42 p. m. [32m    LOG[39m [38;5;3m[RouterExplorer] [39m[32mMapped {/api/evaluacionsaludhabito/:id, PATCH} (version: 1) route[39m[38;5;3m +0ms[39m
[32m[Nest] 5852  - [39m13/06/2026, 4:34:42 p. m. [32m    LOG[39m [38;5;3m[RouterExplorer] [39m[32mMapped {/api/evaluacionsaludhabito/:id, DELETE} (version: 1) route[39m[38;5;3m +0ms[39m
[32m[Nest] 5852  - [39m13/06/2026, 4:34:42 p. m. [32m    LOG[39m [38;5;3m[RoutesResolver] [39m[32mDetalleevaluacionsaludController {/api/detalleevaluacionsalud} (version: 1):[39m[38;5;3m +0ms[39m
[32m[Nest] 5852  - [39m13/06/2026, 4:34:42 p. m. [32m    LOG[39m [38;5;3m[RouterExplorer] [39m[32mMapped {/api/detalleevaluacionsalud, POST} (version: 1) route[39m[38;5;3m +1ms[39m
[32m[Nest] 5852  - [39m13/06/2026, 4:34:42 p. m. [32m    LOG[39m [38;5;3m[RouterExplorer] [39m[32mMapped {/api/detalleevaluacionsalud, GET} (version: 1) route[39m[38;5;3m +0ms[39m
[32m[Nest] 5852  - [39m13/06/2026, 4:34:42 p. m. [32m    LOG[39m [38;5;3m[RouterExplorer] [39m[32mMapped {/api/detalleevaluacionsalud/:id, GET} (version: 1) route[39m[38;5;3m +1ms[39m
[32m[Nest] 5852  - [39m13/06/2026, 4:34:42 p. m. [32m    LOG[39m [38;5;3m[RouterExplorer] [39m[32mMapped {/api/detalleevaluacionsalud/:id, PATCH} (version: 1) route[39m[38;5;3m +0ms[39m
[32m[Nest] 5852  - [39m13/06/2026, 4:34:42 p. m. [32m    LOG[39m [38;5;3m[RouterExplorer] [39m[32mMapped {/api/detalleevaluacionsalud/:id, DELETE} (version: 1) route[39m[38;5;3m +0ms[39m
[32m[Nest] 5852  - [39m13/06/2026, 4:34:42 p. m. [32m    LOG[39m [38;5;3m[RoutesResolver] [39m[32mPermisoaccesoController {/api/permiso-acceso} (version: 1):[39m[38;5;3m +1ms[39m
[32m[Nest] 5852  - [39m13/06/2026, 4:34:42 p. m. [32m    LOG[39m [38;5;3m[RouterExplorer] [39m[32mMapped {/api/permiso-acceso/paciente/:pacienteId, POST} (version: 1) route[39m[38;5;3m +0ms[39m
[32m[Nest] 5852  - [39m13/06/2026, 4:34:42 p. m. [32m    LOG[39m [38;5;3m[RouterExplorer] [39m[32mMapped {/api/permiso-acceso/paciente/:pacienteId, GET} (version: 1) route[39m[38;5;3m +0ms[39m
[32m[Nest] 5852  - [39m13/06/2026, 4:34:42 p. m. [32m    LOG[39m [38;5;3m[RouterExplorer] [39m[32mMapped {/api/permiso-acceso/mios, GET} (version: 1) route[39m[38;5;3m +1ms[39m
[32m[Nest] 5852  - [39m13/06/2026, 4:34:42 p. m. [32m    LOG[39m [38;5;3m[RouterExplorer] [39m[32mMapped {/api/permiso-acceso/:permisoId, DELETE} (version: 1) route[39m[38;5;3m +0ms[39m
[32m[Nest] 5852  - [39m13/06/2026, 4:34:42 p. m. [32m    LOG[39m [38;5;3m[RouterExplorer] [39m[32mMapped {/api/permiso-acceso/:permisoId, PATCH} (version: 1) route[39m[38;5;3m +0ms[39m
[32m[Nest] 5852  - [39m13/06/2026, 4:34:42 p. m. [32m    LOG[39m [38;5;3m[RouterExplorer] [39m[32mMapped {/api/permiso-acceso/:permisoId/qr, POST} (version: 1) route[39m[38;5;3m +1ms[39m
[32m[Nest] 5852  - [39m13/06/2026, 4:34:42 p. m. [32m    LOG[39m [38;5;3m[RouterExplorer] [39m[32mMapped {/api/permiso-acceso/:permisoId/enlace, POST} (version: 1) route[39m[38;5;3m +0ms[39m
[32m[Nest] 5852  - [39m13/06/2026, 4:34:42 p. m. [32m    LOG[39m [38;5;3m[RouterExplorer] [39m[32mMapped {/api/permiso-acceso/compartido/:token, GET} (version: 1) route[39m[38;5;3m +1ms[39m
[32m[Nest] 5852  - [39m13/06/2026, 4:34:42 p. m. [32m    LOG[39m [38;5;3m[RouterExplorer] [39m[32mMapped {/api/permiso-acceso/qr/claim, POST} (version: 1) route[39m[38;5;3m +0ms[39m
[32m[Nest] 5852  - [39m13/06/2026, 4:34:42 p. m. [32m    LOG[39m [38;5;3m[RoutesResolver] [39m[32mSaludmentalController {/api/salud-mental} (version: 1):[39m[38;5;3m +0ms[39m
[32m[Nest] 5852  - [39m13/06/2026, 4:34:42 p. m. [32m    LOG[39m [38;5;3m[RouterExplorer] [39m[32mMapped {/api/salud-mental, POST} (version: 1) route[39m[38;5;3m +0ms[39m
[32m[Nest] 5852  - [39m13/06/2026, 4:34:42 p. m. [32m    LOG[39m [38;5;3m[RouterExplorer] [39m[32mMapped {/api/salud-mental, GET} (version: 1) route[39m[38;5;3m +1ms[39m
[32m[Nest] 5852  - [39m13/06/2026, 4:34:42 p. m. [32m    LOG[39m [38;5;3m[RouterExplorer] [39m[32mMapped {/api/salud-mental/paciente/:pacienteId/historial, GET} (version: 1) route[39m[38;5;3m +0ms[39m
[32m[Nest] 5852  - [39m13/06/2026, 4:34:42 p. m. [32m    LOG[39m [38;5;3m[RouterExplorer] [39m[32mMapped {/api/salud-mental/paciente/:pacienteId/estadisticas, GET} (version: 1) route[39m[38;5;3m +0ms[39m
[32m[Nest] 5852  - [39m13/06/2026, 4:34:42 p. m. [32m    LOG[39m [38;5;3m[RouterExplorer] [39m[32mMapped {/api/salud-mental/paciente/:pacienteId/alertas, GET} (version: 1) route[39m[38;5;3m +1ms[39m
[32m[Nest] 5852  - [39m13/06/2026, 4:34:42 p. m. [32m    LOG[39m [38;5;3m[RouterExplorer] [39m[32mMapped {/api/salud-mental/paciente/:pacienteId/reporte-medico, GET} (version: 1) route[39m[38;5;3m +0ms[39m
[32m[Nest] 5852  - [39m13/06/2026, 4:34:42 p. m. [32m    LOG[39m [38;5;3m[RouterExplorer] [39m[32mMapped {/api/salud-mental/:id, GET} (version: 1) route[39m[38;5;3m +0ms[39m
[32m[Nest] 5852  - [39m13/06/2026, 4:34:42 p. m. [32m    LOG[39m [38;5;3m[RouterExplorer] [39m[32mMapped {/api/salud-mental/:id, PATCH} (version: 1) route[39m[38;5;3m +1ms[39m
[32m[Nest] 5852  - [39m13/06/2026, 4:34:42 p. m. [32m    LOG[39m [38;5;3m[RouterExplorer] [39m[32mMapped {/api/salud-mental/:id/registro-diario, PATCH} (version: 1) route[39m[38;5;3m +0ms[39m
[32m[Nest] 5852  - [39m13/06/2026, 4:34:42 p. m. [32m    LOG[39m [38;5;3m[RouterExplorer] [39m[32mMapped {/api/salud-mental/:id/habitos, PATCH} (version: 1) route[39m[38;5;3m +1ms[39m
[32m[Nest] 5852  - [39m13/06/2026, 4:34:42 p. m. [32m    LOG[39m [38;5;3m[RouterExplorer] [39m[32mMapped {/api/salud-mental/:id, DELETE} (version: 1) route[39m[38;5;3m +0ms[39m
[32m[Nest] 5852  - [39m13/06/2026, 4:34:42 p. m. [32m    LOG[39m [38;5;3m[RoutesResolver] [39m[32mPeriodoController {/api/periodo} (version: 1):[39m[38;5;3m +0ms[39m
[32m[Nest] 5852  - [39m13/06/2026, 4:34:42 p. m. [32m    LOG[39m [38;5;3m[RouterExplorer] [39m[32mMapped {/api/periodo, POST} (version: 1) route[39m[38;5;3m +1ms[39m
[32m[Nest] 5852  - [39m13/06/2026, 4:34:42 p. m. [32m    LOG[39m [38;5;3m[RouterExplorer] [39m[32mMapped {/api/periodo, GET} (version: 1) route[39m[38;5;3m +0ms[39m
[32m[Nest] 5852  - [39m13/06/2026, 4:34:42 p. m. [32m    LOG[39m [38;5;3m[RouterExplorer] [39m[32mMapped {/api/periodo/calendario/:pacienteId, GET} (version: 1) route[39m[38;5;3m +0ms[39m
[32m[Nest] 5852  - [39m13/06/2026, 4:34:42 p. m. [32m    LOG[39m [38;5;3m[RouterExplorer] [39m[32mMapped {/api/periodo/paciente/:pacienteId/historial, GET} (version: 1) route[39m[38;5;3m +1ms[39m
[32m[Nest] 5852  - [39m13/06/2026, 4:34:42 p. m. [32m    LOG[39m [38;5;3m[RouterExplorer] [39m[32mMapped {/api/periodo/paciente/:pacienteId/prediccion, GET} (version: 1) route[39m[38;5;3m +0ms[39m
[32m[Nest] 5852  - [39m13/06/2026, 4:34:42 p. m. [32m    LOG[39m [38;5;3m[RouterExplorer] [39m[32mMapped {/api/periodo/paciente/:pacienteId/reporte-medico, GET} (version: 1) route[39m[38;5;3m +0ms[39m
[32m[Nest] 5852  - [39m13/06/2026, 4:34:42 p. m. [32m    LOG[39m [38;5;3m[RouterExplorer] [39m[32mMapped {/api/periodo/:id, GET} (version: 1) route[39m[38;5;3m +1ms[39m
[32m[Nest] 5852  - [39m13/06/2026, 4:34:42 p. m. [32m    LOG[39m [38;5;3m[RouterExplorer] [39m[32mMapped {/api/periodo/:id, PATCH} (version: 1) route[39m[38;5;3m +0ms[39m
[32m[Nest] 5852  - [39m13/06/2026, 4:34:42 p. m. [32m    LOG[39m [38;5;3m[RouterExplorer] [39m[32mMapped {/api/periodo/:id/sintomas, PATCH} (version: 1) route[39m[38;5;3m +0ms[39m
[32m[Nest] 5852  - [39m13/06/2026, 4:34:42 p. m. [32m    LOG[39m [38;5;3m[RouterExplorer] [39m[32mMapped {/api/periodo/:id, DELETE} (version: 1) route[39m[38;5;3m +1ms[39m
[32m[Nest] 5852  - [39m13/06/2026, 4:34:42 p. m. [32m    LOG[39m [38;5;3m[RoutesResolver] [39m[32mSeguimientofisicoController {/api/seguimientofisico} (version: 1):[39m[38;5;3m +1ms[39m
[32m[Nest] 5852  - [39m13/06/2026, 4:34:42 p. m. [32m    LOG[39m [38;5;3m[RouterExplorer] [39m[32mMapped {/api/seguimientofisico, POST} (version: 1) route[39m[38;5;3m +0ms[39m
[32m[Nest] 5852  - [39m13/06/2026, 4:34:42 p. m. [32m    LOG[39m [38;5;3m[RouterExplorer] [39m[32mMapped {/api/seguimientofisico, GET} (version: 1) route[39m[38;5;3m +0ms[39m
[32m[Nest] 5852  - [39m13/06/2026, 4:34:42 p. m. [32m    LOG[39m [38;5;3m[RouterExplorer] [39m[32mMapped {/api/seguimientofisico/paciente/:pacienteId/historial, GET} (version: 1) route[39m[38;5;3m +1ms[39m
[32m[Nest] 5852  - [39m13/06/2026, 4:34:42 p. m. [32m    LOG[39m [38;5;3m[RouterExplorer] [39m[32mMapped {/api/seguimientofisico/paciente/:pacienteId/resumen, GET} (version: 1) route[39m[38;5;3m +0ms[39m
[32m[Nest] 5852  - [39m13/06/2026, 4:34:42 p. m. [32m    LOG[39m [38;5;3m[RouterExplorer] [39m[32mMapped {/api/seguimientofisico/paciente/:pacienteId/progreso-peso, GET} (version: 1) route[39m[38;5;3m +0ms[39m
[32m[Nest] 5852  - [39m13/06/2026, 4:34:42 p. m. [32m    LOG[39m [38;5;3m[RouterExplorer] [39m[32mMapped {/api/seguimientofisico/paciente/:pacienteId/logros, GET} (version: 1) route[39m[38;5;3m +1ms[39m
[32m[Nest] 5852  - [39m13/06/2026, 4:34:42 p. m. [32m    LOG[39m [38;5;3m[RouterExplorer] [39m[32mMapped {/api/seguimientofisico/:id, GET} (version: 1) route[39m[38;5;3m +0ms[39m
[32m[Nest] 5852  - [39m13/06/2026, 4:34:42 p. m. [32m    LOG[39m [38;5;3m[RouterExplorer] [39m[32mMapped {/api/seguimientofisico/:id, PATCH} (version: 1) route[39m[38;5;3m +0ms[39m
[32m[Nest] 5852  - [39m13/06/2026, 4:34:42 p. m. [32m    LOG[39m [38;5;3m[RouterExplorer] [39m[32mMapped {/api/seguimientofisico/:id, DELETE} (version: 1) route[39m[38;5;3m +1ms[39m
[32m[Nest] 5852  - [39m13/06/2026, 4:34:42 p. m. [32m    LOG[39m [38;5;3m[RoutesResolver] [39m[32mSeguimientoposteventoController {/api/seguimientopostevento} (version: 1):[39m[38;5;3m +0ms[39m
[32m[Nest] 5852  - [39m13/06/2026, 4:34:42 p. m. [32m    LOG[39m [38;5;3m[RouterExplorer] [39m[32mMapped {/api/seguimientopostevento, POST} (version: 1) route[39m[38;5;3m +0ms[39m
[32m[Nest] 5852  - [39m13/06/2026, 4:34:42 p. m. [32m    LOG[39m [38;5;3m[RouterExplorer] [39m[32mMapped {/api/seguimientopostevento, GET} (version: 1) route[39m[38;5;3m +1ms[39m
[32m[Nest] 5852  - [39m13/06/2026, 4:34:42 p. m. [32m    LOG[39m [38;5;3m[RouterExplorer] [39m[32mMapped {/api/seguimientopostevento/paciente/:pacienteId/historial, GET} (version: 1) route[39m[38;5;3m +0ms[39m
[32m[Nest] 5852  - [39m13/06/2026, 4:34:42 p. m. [32m    LOG[39m [38;5;3m[RouterExplorer] [39m[32mMapped {/api/seguimientopostevento/paciente/:pacienteId/compartidos, GET} (version: 1) route[39m[38;5;3m +0ms[39m
[32m[Nest] 5852  - [39m13/06/2026, 4:34:42 p. m. [32m    LOG[39m [38;5;3m[RouterExplorer] [39m[32mMapped {/api/seguimientopostevento/:id, GET} (version: 1) route[39m[38;5;3m +1ms[39m
[32m[Nest] 5852  - [39m13/06/2026, 4:34:42 p. m. [32m    LOG[39m [38;5;3m[RouterExplorer] [39m[32mMapped {/api/seguimientopostevento/:id, PATCH} (version: 1) route[39m[38;5;3m +0ms[39m
[32m[Nest] 5852  - [39m13/06/2026, 4:34:42 p. m. [32m    LOG[39m [38;5;3m[RouterExplorer] [39m[32mMapped {/api/seguimientopostevento/:id, DELETE} (version: 1) route[39m[38;5;3m +0ms[39m
[32m[Nest] 5852  - [39m13/06/2026, 4:34:42 p. m. [32m    LOG[39m [38;5;3m[RoutesResolver] [39m[32mExamenclinicoController {/api/examenclinico} (version: 1):[39m[38;5;3m +1ms[39m
[32m[Nest] 5852  - [39m13/06/2026, 4:34:42 p. m. [32m    LOG[39m [38;5;3m[RouterExplorer] [39m[32mMapped {/api/examenclinico, POST} (version: 1) route[39m[38;5;3m +0ms[39m
[32m[Nest] 5852  - [39m13/06/2026, 4:34:42 p. m. [32m    LOG[39m [38;5;3m[RouterExplorer] [39m[32mMapped {/api/examenclinico, GET} (version: 1) route[39m[38;5;3m +0ms[39m
[32m[Nest] 5852  - [39m13/06/2026, 4:34:42 p. m. [32m    LOG[39m [38;5;3m[RouterExplorer] [39m[32mMapped {/api/examenclinico/:id/documento, GET} (version: 1) route[39m[38;5;3m +1ms[39m
[32m[Nest] 5852  - [39m13/06/2026, 4:34:42 p. m. [32m    LOG[39m [38;5;3m[RouterExplorer] [39m[32mMapped {/api/examenclinico/:id, GET} (version: 1) route[39m[38;5;3m +0ms[39m
[32m[Nest] 5852  - [39m13/06/2026, 4:34:42 p. m. [32m    LOG[39m [38;5;3m[RouterExplorer] [39m[32mMapped {/api/examenclinico/:id, PATCH} (version: 1) route[39m[38;5;3m +1ms[39m
[32m[Nest] 5852  - [39m13/06/2026, 4:34:42 p. m. [32m    LOG[39m [38;5;3m[RouterExplorer] [39m[32mMapped {/api/examenclinico/:id, DELETE} (version: 1) route[39m[38;5;3m +0ms[39m
[32m[Nest] 5852  - [39m13/06/2026, 4:34:42 p. m. [32m    LOG[39m [38;5;3m[RoutesResolver] [39m[32mUsuarioPacienteController {/api/usuario-paciente} (version: 1):[39m[38;5;3m +0ms[39m
[32m[Nest] 5852  - [39m13/06/2026, 4:34:42 p. m. [32m    LOG[39m [38;5;3m[RouterExplorer] [39m[32mMapped {/api/usuario-paciente, POST} (version: 1) route[39m[38;5;3m +0ms[39m
[32m[Nest] 5852  - [39m13/06/2026, 4:34:42 p. m. [32m    LOG[39m [38;5;3m[RouterExplorer] [39m[32mMapped {/api/usuario-paciente/mis-pacientes, GET} (version: 1) route[39m[38;5;3m +1ms[39m
[32m[Nest] 5852  - [39m13/06/2026, 4:34:42 p. m. [32m    LOG[39m [38;5;3m[RouterExplorer] [39m[32mMapped {/api/usuario-paciente/:id, PATCH} (version: 1) route[39m[38;5;3m +0ms[39m
[32m[Nest] 5852  - [39m13/06/2026, 4:34:42 p. m. [32m    LOG[39m [38;5;3m[RouterExplorer] [39m[32mMapped {/api/usuario-paciente/:id, DELETE} (version: 1) route[39m[38;5;3m +1ms[39m
[32m[Nest] 5852  - [39m13/06/2026, 4:34:42 p. m. [32m    LOG[39m [38;5;3m[RoutesResolver] [39m[32mMedicoregistroController {/api/medicoregistro} (version: 1):[39m[38;5;3m +0ms[39m
[32m[Nest] 5852  - [39m13/06/2026, 4:34:42 p. m. [32m    LOG[39m [38;5;3m[RouterExplorer] [39m[32mMapped {/api/medicoregistro, POST} (version: 1) route[39m[38;5;3m +0ms[39m
[32m[Nest] 5852  - [39m13/06/2026, 4:34:42 p. m. [32m    LOG[39m [38;5;3m[RouterExplorer] [39m[32mMapped {/api/medicoregistro, GET} (version: 1) route[39m[38;5;3m +1ms[39m
[32m[Nest] 5852  - [39m13/06/2026, 4:34:42 p. m. [32m    LOG[39m [38;5;3m[RouterExplorer] [39m[32mMapped {/api/medicoregistro/usuario/:usuarioId, GET} (version: 1) route[39m[38;5;3m +0ms[39m
[32m[Nest] 5852  - [39m13/06/2026, 4:34:42 p. m. [32m    LOG[39m [38;5;3m[RouterExplorer] [39m[32mMapped {/api/medicoregistro/:id, GET} (version: 1) route[39m[38;5;3m +0ms[39m
[32m[Nest] 5852  - [39m13/06/2026, 4:34:42 p. m. [32m    LOG[39m [38;5;3m[RouterExplorer] [39m[32mMapped {/api/medicoregistro/:id, PATCH} (version: 1) route[39m[38;5;3m +1ms[39m
[32m[Nest] 5852  - [39m13/06/2026, 4:34:42 p. m. [32m    LOG[39m [38;5;3m[RouterExplorer] [39m[32mMapped {/api/medicoregistro/:id, DELETE} (version: 1) route[39m[38;5;3m +0ms[39m
[32m[Nest] 5852  - [39m13/06/2026, 4:34:42 p. m. [32m    LOG[39m [38;5;3m[RoutesResolver] [39m[32mInstitucionsaludController {/api/institucionsalud} (version: 1):[39m[38;5;3m +0ms[39m
[32m[Nest] 5852  - [39m13/06/2026, 4:34:42 p. m. [32m    LOG[39m [38;5;3m[RouterExplorer] [39m[32mMapped {/api/institucionsalud, POST} (version: 1) route[39m[38;5;3m +0ms[39m
[32m[Nest] 5852  - [39m13/06/2026, 4:34:42 p. m. [32m    LOG[39m [38;5;3m[RouterExplorer] [39m[32mMapped {/api/institucionsalud, GET} (version: 1) route[39m[38;5;3m +1ms[39m
[32m[Nest] 5852  - [39m13/06/2026, 4:34:42 p. m. [32m    LOG[39m [38;5;3m[RouterExplorer] [39m[32mMapped {/api/institucionsalud/cercanas, GET} (version: 1) route[39m[38;5;3m +0ms[39m
[32m[Nest] 5852  - [39m13/06/2026, 4:34:42 p. m. [32m    LOG[39m [38;5;3m[RouterExplorer] [39m[32mMapped {/api/institucionsalud/:id, GET} (version: 1) route[39m[38;5;3m +1ms[39m
[32m[Nest] 5852  - [39m13/06/2026, 4:34:42 p. m. [32m    LOG[39m [38;5;3m[RouterExplorer] [39m[32mMapped {/api/institucionsalud/:id, PATCH} (version: 1) route[39m[38;5;3m +0ms[39m
[32m[Nest] 5852  - [39m13/06/2026, 4:34:42 p. m. [32m    LOG[39m [38;5;3m[RouterExplorer] [39m[32mMapped {/api/institucionsalud/:id, DELETE} (version: 1) route[39m[38;5;3m +0ms[39m
[32m[Nest] 5852  - [39m13/06/2026, 4:34:42 p. m. [32m    LOG[39m [38;5;3m[RoutesResolver] [39m[32mCatalogoservicioController {/api/catalogoservicio} (version: 1):[39m[38;5;3m +0ms[39m
[32m[Nest] 5852  - [39m13/06/2026, 4:34:42 p. m. [32m    LOG[39m [38;5;3m[RouterExplorer] [39m[32mMapped {/api/catalogoservicio, POST} (version: 1) route[39m[38;5;3m +1ms[39m
[32m[Nest] 5852  - [39m13/06/2026, 4:34:42 p. m. [32m    LOG[39m [38;5;3m[RouterExplorer] [39m[32mMapped {/api/catalogoservicio, GET} (version: 1) route[39m[38;5;3m +0ms[39m
[32m[Nest] 5852  - [39m13/06/2026, 4:34:42 p. m. [32m    LOG[39m [38;5;3m[RouterExplorer] [39m[32mMapped {/api/catalogoservicio/:id, GET} (version: 1) route[39m[38;5;3m +1ms[39m
[32m[Nest] 5852  - [39m13/06/2026, 4:34:42 p. m. [32m    LOG[39m [38;5;3m[RouterExplorer] [39m[32mMapped {/api/catalogoservicio/:id, PATCH} (version: 1) route[39m[38;5;3m +1ms[39m
[32m[Nest] 5852  - [39m13/06/2026, 4:34:42 p. m. [32m    LOG[39m [38;5;3m[RouterExplorer] [39m[32mMapped {/api/catalogoservicio/:id, DELETE} (version: 1) route[39m[38;5;3m +0ms[39m
[32m[Nest] 5852  - [39m13/06/2026, 4:34:42 p. m. [32m    LOG[39m [38;5;3m[RoutesResolver] [39m[32mMedicamentoraroController {/api/medicamentoraro} (version: 1):[39m[38;5;3m +0ms[39m
[32m[Nest] 5852  - [39m13/06/2026, 4:34:42 p. m. [32m    LOG[39m [38;5;3m[RouterExplorer] [39m[32mMapped {/api/medicamentoraro, POST} (version: 1) route[39m[38;5;3m +1ms[39m
[32m[Nest] 5852  - [39m13/06/2026, 4:34:42 p. m. [32m    LOG[39m [38;5;3m[RouterExplorer] [39m[32mMapped {/api/medicamentoraro, GET} (version: 1) route[39m[38;5;3m +0ms[39m
[32m[Nest] 5852  - [39m13/06/2026, 4:34:42 p. m. [32m    LOG[39m [38;5;3m[RouterExplorer] [39m[32mMapped {/api/medicamentoraro/:id, GET} (version: 1) route[39m[38;5;3m +0ms[39m
[32m[Nest] 5852  - [39m13/06/2026, 4:34:42 p. m. [32m    LOG[39m [38;5;3m[RouterExplorer] [39m[32mMapped {/api/medicamentoraro/:id, PATCH} (version: 1) route[39m[38;5;3m +1ms[39m
[32m[Nest] 5852  - [39m13/06/2026, 4:34:42 p. m. [32m    LOG[39m [38;5;3m[RouterExplorer] [39m[32mMapped {/api/medicamentoraro/:id, DELETE} (version: 1) route[39m[38;5;3m +0ms[39m
[32m[Nest] 5852  - [39m13/06/2026, 4:34:42 p. m. [32m    LOG[39m [38;5;3m[RoutesResolver] [39m[32mInstitucionservicioController {/api/institucionservicio} (version: 1):[39m[38;5;3m +0ms[39m
[32m[Nest] 5852  - [39m13/06/2026, 4:34:42 p. m. [32m    LOG[39m [38;5;3m[RouterExplorer] [39m[32mMapped {/api/institucionservicio, POST} (version: 1) route[39m[38;5;3m +0ms[39m
[32m[Nest] 5852  - [39m13/06/2026, 4:34:42 p. m. [32m    LOG[39m [38;5;3m[RouterExplorer] [39m[32mMapped {/api/institucionservicio, GET} (version: 1) route[39m[38;5;3m +0ms[39m
[32m[Nest] 5852  - [39m13/06/2026, 4:34:42 p. m. [32m    LOG[39m [38;5;3m[RouterExplorer] [39m[32mMapped {/api/institucionservicio/:id, GET} (version: 1) route[39m[38;5;3m +0ms[39m
[32m[Nest] 5852  - [39m13/06/2026, 4:34:42 p. m. [32m    LOG[39m [38;5;3m[RouterExplorer] [39m[32mMapped {/api/institucionservicio/:id, PATCH} (version: 1) route[39m[38;5;3m +1ms[39m
[32m[Nest] 5852  - [39m13/06/2026, 4:34:42 p. m. [32m    LOG[39m [38;5;3m[RouterExplorer] [39m[32mMapped {/api/institucionservicio/:id, DELETE} (version: 1) route[39m[38;5;3m +0ms[39m
[32m[Nest] 5852  - [39m13/06/2026, 4:34:42 p. m. [32m    LOG[39m [38;5;3m[RoutesResolver] [39m[32mInstitucionmedicamentoController {/api/institucionmedicamento} (version: 1):[39m[38;5;3m +0ms[39m
[32m[Nest] 5852  - [39m13/06/2026, 4:34:42 p. m. [32m    LOG[39m [38;5;3m[RouterExplorer] [39m[32mMapped {/api/institucionmedicamento, POST} (version: 1) route[39m[38;5;3m +1ms[39m
[32m[Nest] 5852  - [39m13/06/2026, 4:34:42 p. m. [32m    LOG[39m [38;5;3m[RouterExplorer] [39m[32mMapped {/api/institucionmedicamento, GET} (version: 1) route[39m[38;5;3m +0ms[39m
[32m[Nest] 5852  - [39m13/06/2026, 4:34:42 p. m. [32m    LOG[39m [38;5;3m[RouterExplorer] [39m[32mMapped {/api/institucionmedicamento/:id, GET} (version: 1) route[39m[38;5;3m +0ms[39m
[32m[Nest] 5852  - [39m13/06/2026, 4:34:42 p. m. [32m    LOG[39m [38;5;3m[RouterExplorer] [39m[32mMapped {/api/institucionmedicamento/:id, PATCH} (version: 1) route[39m[38;5;3m +1ms[39m
[32m[Nest] 5852  - [39m13/06/2026, 4:34:42 p. m. [32m    LOG[39m [38;5;3m[RouterExplorer] [39m[32mMapped {/api/institucionmedicamento/:id, DELETE} (version: 1) route[39m[38;5;3m +0ms[39m
[32m[Nest] 5852  - [39m13/06/2026, 4:34:42 p. m. [32m    LOG[39m [38;5;3m[RoutesResolver] [39m[32mInstitucionimagenController {/api/institucionimagen} (version: 1):[39m[38;5;3m +0ms[39m
[32m[Nest] 5852  - [39m13/06/2026, 4:34:42 p. m. [32m    LOG[39m [38;5;3m[RouterExplorer] [39m[32mMapped {/api/institucionimagen, POST} (version: 1) route[39m[38;5;3m +1ms[39m
[32m[Nest] 5852  - [39m13/06/2026, 4:34:42 p. m. [32m    LOG[39m [38;5;3m[RouterExplorer] [39m[32mMapped {/api/institucionimagen, GET} (version: 1) route[39m[38;5;3m +0ms[39m
[32m[Nest] 5852  - [39m13/06/2026, 4:34:42 p. m. [32m    LOG[39m [38;5;3m[RouterExplorer] [39m[32mMapped {/api/institucionimagen/:id, GET} (version: 1) route[39m[38;5;3m +0ms[39m
[32m[Nest] 5852  - [39m13/06/2026, 4:34:42 p. m. [32m    LOG[39m [38;5;3m[RouterExplorer] [39m[32mMapped {/api/institucionimagen/:id, PATCH} (version: 1) route[39m[38;5;3m +0ms[39m
[32m[Nest] 5852  - [39m13/06/2026, 4:34:42 p. m. [32m    LOG[39m [38;5;3m[RouterExplorer] [39m[32mMapped {/api/institucionimagen/:id, DELETE} (version: 1) route[39m[38;5;3m +1ms[39m
[32m[Nest] 5852  - [39m13/06/2026, 4:34:42 p. m. [32m    LOG[39m [38;5;3m[RoutesResolver] [39m[32mInstitucionhorarioController {/api/institucionhorario} (version: 1):[39m[38;5;3m +0ms[39m
[32m[Nest] 5852  - [39m13/06/2026, 4:34:42 p. m. [32m    LOG[39m [38;5;3m[RouterExplorer] [39m[32mMapped {/api/institucionhorario, POST} (version: 1) route[39m[38;5;3m +0ms[39m
[32m[Nest] 5852  - [39m13/06/2026, 4:34:42 p. m. [32m    LOG[39m [38;5;3m[RouterExplorer] [39m[32mMapped {/api/institucionhorario, GET} (version: 1) route[39m[38;5;3m +1ms[39m
[32m[Nest] 5852  - [39m13/06/2026, 4:34:42 p. m. [32m    LOG[39m [38;5;3m[RouterExplorer] [39m[32mMapped {/api/institucionhorario/:id, GET} (version: 1) route[39m[38;5;3m +0ms[39m
[32m[Nest] 5852  - [39m13/06/2026, 4:34:42 p. m. [32m    LOG[39m [38;5;3m[RouterExplorer] [39m[32mMapped {/api/institucionhorario/:id, PATCH} (version: 1) route[39m[38;5;3m +0ms[39m
[32m[Nest] 5852  - [39m13/06/2026, 4:34:42 p. m. [32m    LOG[39m [38;5;3m[RouterExplorer] [39m[32mMapped {/api/institucionhorario/:id, DELETE} (version: 1) route[39m[38;5;3m +1ms[39m
[32m[Nest] 5852  - [39m13/06/2026, 4:34:42 p. m. [32m    LOG[39m [38;5;3m[RoutesResolver] [39m[32mInstitucionespecialidadController {/api/institucionespecialidad} (version: 1):[39m[38;5;3m +0ms[39m
[32m[Nest] 5852  - [39m13/06/2026, 4:34:42 p. m. [32m    LOG[39m [38;5;3m[RouterExplorer] [39m[32mMapped {/api/institucionespecialidad, POST} (version: 1) route[39m[38;5;3m +0ms[39m
[32m[Nest] 5852  - [39m13/06/2026, 4:34:42 p. m. [32m    LOG[39m [38;5;3m[RouterExplorer] [39m[32mMapped {/api/institucionespecialidad, GET} (version: 1) route[39m[38;5;3m +1ms[39m
[32m[Nest] 5852  - [39m13/06/2026, 4:34:42 p. m. [32m    LOG[39m [38;5;3m[RouterExplorer] [39m[32mMapped {/api/institucionespecialidad/:id, GET} (version: 1) route[39m[38;5;3m +0ms[39m
[32m[Nest] 5852  - [39m13/06/2026, 4:34:42 p. m. [32m    LOG[39m [38;5;3m[RouterExplorer] [39m[32mMapped {/api/institucionespecialidad/:id, PATCH} (version: 1) route[39m[38;5;3m +0ms[39m
[32m[Nest] 5852  - [39m13/06/2026, 4:34:42 p. m. [32m    LOG[39m [38;5;3m[RouterExplorer] [39m[32mMapped {/api/institucionespecialidad/:id, DELETE} (version: 1) route[39m[38;5;3m +0ms[39m
[32m[Nest] 5852  - [39m13/06/2026, 4:34:42 p. m. [32m    LOG[39m [38;5;3m[RoutesResolver] [39m[32mNotificationsController {/api/notifications} (version: 1):[39m[38;5;3m +1ms[39m
[32m[Nest] 5852  - [39m13/06/2026, 4:34:42 p. m. [32m    LOG[39m [38;5;3m[RouterExplorer] [39m[32mMapped {/api/notifications/natural, POST} (version: 1) route[39m[38;5;3m +0ms[39m
[32m[Nest] 5852  - [39m13/06/2026, 4:34:42 p. m. [32m    LOG[39m [38;5;3m[RouterExplorer] [39m[32mMapped {/api/notifications/parse, POST} (version: 1) route[39m[38;5;3m +0ms[39m
[32m[Nest] 5852  - [39m13/06/2026, 4:34:42 p. m. [32m    LOG[39m [38;5;3m[RoutesResolver] [39m[32mVersionController {/api/version} (version: 1):[39m[38;5;3m +1ms[39m
[32m[Nest] 5852  - [39m13/06/2026, 4:34:42 p. m. [32m    LOG[39m [38;5;3m[RouterExplorer] [39m[32mMapped {/api/version, GET} (version: 1) route[39m[38;5;3m +0ms[39m
[32m[Nest] 5852  - [39m13/06/2026, 4:34:42 p. m. [32m    LOG[39m [38;5;3m[NestApplication] [39m[32mNest application successfully started[39m[38;5;3m +10ms[39m
[ERROR] 16:34:42 Error: listen EADDRINUSE: address already in use :::3000
